C:\Users\user\alpaca-trading-agent\backend\app\ai\gemini_ai.py:7: FutureWarning: 

All support for the `google.generativeai` package has ended. It will no longer be receiving 
updates or bug fixes. Please switch to the `google.genai` package as soon as possible.
See README for more details:

https://github.com/google-gemini/deprecated-generative-ai-python/blob/main/README.md

  import google.generativeai as genai
2026-09-03 16:31:30,899 INFO [agent] Connected. equity=99492.85 status=AccountStatus.ACTIVE
2026-09-03 16:31:31,644 INFO [agent] SPY quote bid=768.49 ask=769.31
2026-09-03 16:31:32,017 INFO [agent] Account equity=99495.85 buying_power=395951.40 positions=3 trading_enabled=True
2026-09-03 16:31:32,021 INFO [agent] Reset daily starting equity to 99495.85 for 2026-09-03
2026-09-03 16:31:32,197 INFO [agent] About to generate signals
2026-09-03 16:31:32,197 INFO [agent] generate_signals called
2026-09-03 16:31:32,334 INFO [agent] _generate_signal_for_symbol called for SPY
2026-09-03 16:31:32,676 INFO [agent] SPY: price=768.4300000000001
2026-09-03 16:31:32,676 INFO [agent] SPY: scores - Trend: 0.0/25, Momentum: 3.0/20, RS: 6.0/15, RSI: 10.0/10, Volatility: 8.0/10, Regime: 15.0/20, Total: 42.0/100
2026-09-03 16:31:32,676 INFO [agent] SPY: score 42.0 < minimum 70
2026-09-03 16:31:32,676 INFO [agent] _generate_signal_for_symbol called for QQQ
2026-09-03 16:31:32,973 INFO [agent] QQQ: price=710.835
2026-09-03 16:31:32,974 INFO [agent] QQQ: scores - Trend: 0.0/25, Momentum: 2.0/20, RS: 6.0/15, RSI: 8.0/10, Volatility: 10.0/10, Regime: 15.0/20, Total: 41.0/100
2026-09-03 16:31:32,974 INFO [agent] QQQ: score 41.0 < minimum 70
2026-09-03 16:31:32,974 INFO [agent] _generate_signal_for_symbol called for IWM
2026-09-03 16:31:33,253 INFO [agent] IWM: price=296.13
2026-09-03 16:31:33,253 INFO [agent] IWM: scores - Trend: 0.0/25, Momentum: 2.0/20, RS: 6.0/15, RSI: 8.0/10, Volatility: 10.0/10, Regime: 15.0/20, Total: 41.0/100
2026-09-03 16:31:33,253 INFO [agent] IWM: score 41.0 < minimum 70
2026-09-03 16:31:33,253 INFO [agent] _generate_signal_for_symbol called for DIA
2026-09-03 16:31:33,632 INFO [agent] DIA: price=534.62
2026-09-03 16:31:33,633 INFO [agent] DIA: scores - Trend: 8.0/25, Momentum: 3.0/20, RS: 6.0/15, RSI: 10.0/10, Volatility: 8.0/10, Regime: 15.0/20, Total: 50.0/100
2026-09-03 16:31:33,633 INFO [agent] DIA: score 50.0 < minimum 70
2026-09-03 16:31:33,633 INFO [agent] _generate_signal_for_symbol called for EFA
2026-09-03 16:31:33,927 INFO [agent] EFA: price=107.94999999999999
2026-09-03 16:31:33,927 INFO [agent] EFA: scores - Trend: 0.0/25, Momentum: 4.0/20, RS: 6.0/15, RSI: 10.0/10, Volatility: 8.0/10, Regime: 15.0/20, Total: 43.0/100
2026-09-03 16:31:33,927 INFO [agent] EFA: score 43.0 < minimum 70
2026-09-03 16:31:33,927 INFO [agent] _generate_signal_for_symbol called for EEM
2026-09-03 16:31:34,239 INFO [agent] EEM: price=66.965
2026-09-03 16:31:34,239 INFO [agent] EEM: scores - Trend: 8.0/25, Momentum: 8.0/20, RS: 9.0/15, RSI: 10.0/10, Volatility: 10.0/10, Regime: 15.0/20, Total: 60.0/100
2026-09-03 16:31:34,239 INFO [agent] EEM: score 60.0 < minimum 70
2026-09-03 16:31:34,239 INFO [agent] _generate_signal_for_symbol called for GLD
2026-09-03 16:31:34,585 INFO [agent] GLD: price=406.83000000000004
2026-09-03 16:31:34,585 INFO [agent] GLD: scores - Trend: 0.0/25, Momentum: 8.0/20, RS: 12.0/15, RSI: 10.0/10, Volatility: 10.0/10, Regime: 15.0/20, Total: 55.0/100
2026-09-03 16:31:34,585 INFO [agent] GLD: score 55.0 < minimum 70
2026-09-03 16:31:34,585 INFO [agent] _generate_signal_for_symbol called for SLV
2026-09-03 16:31:34,854 INFO [agent] SLV: price=60.0
2026-09-03 16:31:34,855 INFO [agent] SLV: scores - Trend: 8.0/25, Momentum: 8.0/20, RS: 12.0/15, RSI: 10.0/10, Volatility: 8.0/10, Regime: 15.0/20, Total: 61.0/100
2026-09-03 16:31:34,855 INFO [agent] SLV: score 61.0 < minimum 70
2026-09-03 16:31:34,855 INFO [agent] _generate_signal_for_symbol called for TLT
2026-09-03 16:31:35,153 INFO [agent] TLT: price=82.315
2026-09-03 16:31:35,153 INFO [agent] TLT: scores - Trend: 0.0/25, Momentum: 3.0/20, RS: 6.0/15, RSI: 10.0/10, Volatility: 8.0/10, Regime: 15.0/20, Total: 42.0/100
2026-09-03 16:31:35,153 INFO [agent] TLT: score 42.0 < minimum 70
2026-09-03 16:31:35,153 INFO [agent] _generate_signal_for_symbol called for IEF
2026-09-03 16:31:35,428 INFO [agent] IEF: price=92.44999999999999
2026-09-03 16:31:35,428 INFO [agent] IEF: scores - Trend: 0.0/25, Momentum: 3.0/20, RS: 6.0/15, RSI: 10.0/10, Volatility: 5.0/10, Regime: 15.0/20, Total: 39.0/100
2026-09-03 16:31:35,428 INFO [agent] IEF: score 39.0 < minimum 70
2026-09-03 16:31:35,428 INFO [agent] _generate_signal_for_symbol called for HYG
2026-09-03 16:31:35,702 INFO [agent] HYG: price=79.225
2026-09-03 16:31:35,702 INFO [agent] HYG: scores - Trend: 0.0/25, Momentum: 2.0/20, RS: 6.0/15, RSI: 8.0/10, Volatility: 5.0/10, Regime: 15.0/20, Total: 36.0/100
2026-09-03 16:31:35,702 INFO [agent] HYG: score 36.0 < minimum 70
2026-09-03 16:31:35,702 INFO [agent] _generate_signal_for_symbol called for LQD
2026-09-03 16:31:35,978 INFO [agent] LQD: price=105.66499999999999
2026-09-03 16:31:35,978 INFO [agent] LQD: scores - Trend: 0.0/25, Momentum: 3.0/20, RS: 6.0/15, RSI: 10.0/10, Volatility: 5.0/10, Regime: 15.0/20, Total: 39.0/100
2026-09-03 16:31:35,978 INFO [agent] LQD: score 39.0 < minimum 70
2026-09-03 16:31:35,978 INFO [agent] _generate_signal_for_symbol called for USO
2026-09-03 16:31:36,362 INFO [agent] USO: price=140.095
2026-09-03 16:31:36,362 INFO [agent] USO: scores - Trend: 8.0/25, Momentum: 15.0/20, RS: 15.0/15, RSI: 6.0/10, Volatility: 10.0/10, Regime: 15.0/20, Total: 69.0/100
2026-09-03 16:31:36,362 INFO [agent] USO: score 69.0 < minimum 70
2026-09-03 16:31:36,362 INFO [agent] _generate_signal_for_symbol called for XLF
2026-09-03 16:31:36,817 INFO [agent] XLF: price=58.185
2026-09-03 16:31:36,817 INFO [agent] XLF: scores - Trend: 8.0/25, Momentum: 6.0/20, RS: 6.0/15, RSI: 10.0/10, Volatility: 10.0/10, Regime: 15.0/20, Total: 55.0/100
2026-09-03 16:31:36,817 INFO [agent] XLF: score 55.0 < minimum 70
2026-09-03 16:31:36,817 INFO [agent] _generate_signal_for_symbol called for XLK
2026-09-03 16:31:37,085 INFO [agent] XLK: price=183.1
2026-09-03 16:31:37,085 INFO [agent] XLK: scores - Trend: 0.0/25, Momentum: 2.0/20, RS: 6.0/15, RSI: 8.0/10, Volatility: 10.0/10, Regime: 15.0/20, Total: 41.0/100
2026-09-03 16:31:37,085 INFO [agent] XLK: score 41.0 < minimum 70
2026-09-03 16:31:37,085 INFO [agent] _generate_signal_for_symbol called for XLE
2026-09-03 16:31:37,483 INFO [agent] XLE: price=65.08500000000001
2026-09-03 16:31:37,483 INFO [agent] XLE: scores - Trend: 8.0/25, Momentum: 10.0/20, RS: 15.0/15, RSI: 6.0/10, Volatility: 10.0/10, Regime: 15.0/20, Total: 64.0/100
2026-09-03 16:31:37,483 INFO [agent] XLE: score 64.0 < minimum 70
2026-09-03 16:31:37,483 INFO [agent] _generate_signal_for_symbol called for XLI
2026-09-03 16:31:37,773 INFO [agent] XLI: price=173.685
2026-09-03 16:31:37,773 INFO [agent] XLI: scores - Trend: 0.0/25, Momentum: 0.0/20, RS: 0.0/15, RSI: 4.0/10, Volatility: 10.0/10, Regime: 15.0/20, Total: 29.0/100
2026-09-03 16:31:37,774 INFO [agent] XLI: score 29.0 < minimum 70
2026-09-03 16:31:37,774 INFO [agent] _generate_signal_for_symbol called for XLV
2026-09-03 16:31:38,051 INFO [agent] XLV: price=173.95499999999998
2026-09-03 16:31:38,052 INFO [agent] XLV: scores - Trend: 8.0/25, Momentum: 10.0/20, RS: 12.0/15, RSI: 8.0/10, Volatility: 10.0/10, Regime: 15.0/20, Total: 63.0/100
2026-09-03 16:31:38,052 INFO [agent] XLV: score 63.0 < minimum 70
2026-09-03 16:31:38,052 INFO [agent] _generate_signal_for_symbol called for XLY
2026-09-03 16:31:38,360 INFO [agent] XLY: price=116.38
2026-09-03 16:31:38,360 INFO [agent] XLY: scores - Trend: 0.0/25, Momentum: 5.0/20, RS: 6.0/15, RSI: 10.0/10, Volatility: 10.0/10, Regime: 15.0/20, Total: 46.0/100
2026-09-03 16:31:38,360 INFO [agent] XLY: score 46.0 < minimum 70
2026-09-03 16:31:38,360 INFO [agent] _generate_signal_for_symbol called for XLP
2026-09-03 16:31:38,639 INFO [agent] XLP: price=85.425
2026-09-03 16:31:38,639 INFO [agent] XLP: scores - Trend: 0.0/25, Momentum: 6.0/20, RS: 6.0/15, RSI: 10.0/10, Volatility: 10.0/10, Regime: 15.0/20, Total: 47.0/100
2026-09-03 16:31:38,639 INFO [agent] XLP: score 47.0 < minimum 70
2026-09-03 16:31:38,640 INFO [agent] _generate_signal_for_symbol called for XLU
2026-09-03 16:31:38,920 INFO [agent] XLU: price=42.925
2026-09-03 16:31:38,920 INFO [agent] XLU: scores - Trend: 0.0/25, Momentum: 2.0/20, RS: 6.0/15, RSI: 8.0/10, Volatility: 10.0/10, Regime: 15.0/20, Total: 41.0/100
2026-09-03 16:31:38,920 INFO [agent] XLU: score 41.0 < minimum 70
2026-09-03 16:31:38,920 INFO [agent] _generate_signal_for_symbol called for XLB
2026-09-03 16:31:39,254 INFO [agent] XLB: price=53.355000000000004
2026-09-03 16:31:39,254 INFO [agent] XLB: scores - Trend: 8.0/25, Momentum: 8.0/20, RS: 9.0/15, RSI: 10.0/10, Volatility: 10.0/10, Regime: 15.0/20, Total: 60.0/100
2026-09-03 16:31:39,254 INFO [agent] XLB: score 60.0 < minimum 70
2026-09-03 16:31:39,254 INFO [agent] _generate_signal_for_symbol called for XLC
2026-09-03 16:31:39,596 INFO [agent] XLC: price=113.975
2026-09-03 16:31:39,596 INFO [agent] XLC: scores - Trend: 8.0/25, Momentum: 11.0/20, RS: 9.0/15, RSI: 10.0/10, Volatility: 10.0/10, Regime: 15.0/20, Total: 63.0/100
2026-09-03 16:31:39,596 INFO [agent] XLC: score 63.0 < minimum 70
2026-09-03 16:31:39,596 INFO [agent] _generate_signal_for_symbol called for SMH
2026-09-03 16:31:39,873 INFO [agent] SMH: price=543.315
2026-09-03 16:31:39,873 INFO [agent] SMH: scores - Trend: 0.0/25, Momentum: 2.0/20, RS: 3.0/15, RSI: 8.0/10, Volatility: 10.0/10, Regime: 15.0/20, Total: 38.0/100
2026-09-03 16:31:39,873 INFO [agent] SMH: score 38.0 < minimum 70
2026-09-03 16:31:39,873 INFO [agent] _generate_signal_for_symbol called for SOXX
2026-09-03 16:31:40,433 INFO [agent] SOXX: price=493.65
2026-09-03 16:31:40,434 INFO [agent] SOXX: scores - Trend: 0.0/25, Momentum: 0.0/20, RS: 0.0/15, RSI: 6.0/10, Volatility: 8.0/10, Regime: 15.0/20, Total: 29.0/100
2026-09-03 16:31:40,434 INFO [agent] SOXX: score 29.0 < minimum 70
2026-09-03 16:31:40,434 INFO [agent] _generate_signal_for_symbol called for IGV
2026-09-03 16:31:40,727 INFO [agent] IGV: price=105.7
2026-09-03 16:31:40,727 INFO [agent] IGV: scores - Trend: 8.0/25, Momentum: 8.0/20, RS: 12.0/15, RSI: 10.0/10, Volatility: 10.0/10, Regime: 15.0/20, Total: 63.0/100
2026-09-03 16:31:40,727 INFO [agent] IGV: score 63.0 < minimum 70
2026-09-03 16:31:40,727 INFO [agent] _generate_signal_for_symbol called for XBI
2026-09-03 16:31:41,080 INFO [agent] XBI: price=165.215
2026-09-03 16:31:41,080 INFO [agent] XBI: scores - Trend: 8.0/25, Momentum: 8.0/20, RS: 12.0/15, RSI: 8.0/10, Volatility: 10.0/10, Regime: 15.0/20, Total: 61.0/100
2026-09-03 16:31:41,081 INFO [agent] XBI: score 61.0 < minimum 70
2026-09-03 16:31:41,081 INFO [agent] _generate_signal_for_symbol called for XOP
2026-09-03 16:31:41,365 INFO [agent] XOP: price=192.825
2026-09-03 16:31:41,366 INFO [agent] XOP: scores - Trend: 8.0/25, Momentum: 12.0/20, RS: 15.0/15, RSI: 6.0/10, Volatility: 10.0/10, Regime: 15.0/20, Total: 66.0/100
2026-09-03 16:31:41,366 INFO [agent] XOP: score 66.0 < minimum 70
2026-09-03 16:31:41,366 INFO [agent] _generate_signal_for_symbol called for OIH
2026-09-03 16:31:42,146 INFO [agent] OIH: price=436.72
2026-09-03 16:31:42,146 INFO [agent] OIH: scores - Trend: 8.0/25, Momentum: 18.0/20, RS: 15.0/15, RSI: 8.0/10, Volatility: 10.0/10, Regime: 15.0/20, Total: 74.0/100
2026-09-03 16:31:42,320 INFO [agent] OIH: option chain returned 100 contracts
2026-09-03 16:31:42,321 INFO [agent] Getting option snapshot for OIH260918C00395000
2026-09-03 16:31:43,276 INFO [agent] Received snapshot response for OIH260918C00395000: <class 'dict'>
2026-09-03 16:31:43,276 INFO [agent] Raw snapshot for OIH260918C00395000: <class 'alpaca.data.models.snapshots.OptionsSnapshot'> - ['__abstractmethods__', '__annotations__', '__class__', '__class_getitem__', '__class_vars__', '__copy__', '__deepcopy__', '__delattr__', '__dict__', '__dir__', '__doc__', '__eq__', '__fields__', '__fields_set__', '__format__', '__ge__', '__get_pydantic_core_schema__', '__get_pydantic_json_schema__', '__getattr__', '__getattribute__', '__getstate__', '__gt__', '__hash__', '__init__', '__init_subclass__', '__iter__', '__le__', '__lt__', '__module__', '__ne__', '__new__', '__pretty__', '__private_attributes__', '__pydantic_complete__', '__pydantic_computed_fields__', '__pydantic_core_schema__', '__pydantic_custom_init__', '__pydantic_decorators__', '__pydantic_extra__', '__pydantic_extra_info__', '__pydantic_fields__', '__pydantic_fields_set__', '__pydantic_generic_metadata__', '__pydantic_init_subclass__', '__pydantic_on_complete__', '__pydantic_parent_namespace__', '__pydantic_post_init__', '__pydantic_private__', '__pydantic_root_model__', '__pydantic_serializer__', '__pydantic_setattr_handlers__', '__pydantic_validator__', '__reduce__', '__reduce_ex__', '__replace__', '__repr__', '__repr_args__', '__repr_name__', '__repr_recursion__', '__repr_str__', '__rich_repr__', '__setattr__', '__setstate__', '__signature__', '__sizeof__', '__slots__', '__str__', '__subclasshook__', '__weakref__', '_abc_impl', '_calculate_keys', '_copy_and_set_values', '_get_value', '_iter', '_setattr_handler', 'construct', 'copy', 'dict', 'from_orm', 'greeks', 'implied_volatility', 'json', 'latest_quote', 'latest_trade', 'model_computed_fields', 'model_config', 'model_construct', 'model_copy', 'model_dump', 'model_dump_json', 'model_extra', 'model_fields', 'model_fields_set', 'model_json_schema', 'model_parametrized_name', 'model_post_init', 'model_rebuild', 'model_validate', 'model_validate_json', 'model_validate_strings', 'parse_file', 'parse_obj', 'parse_raw', 'schema', 'schema_json', 'symbol', 'update_forward_refs', 'validate']
2026-09-03 16:31:43,276 INFO [agent] Latest quote for OIH260918C00395000: symbol='OIH260918C00395000' timestamp=datetime.datetime(2026, 9, 3, 13, 31, 37, 26404, tzinfo=TzInfo(0)) bid_price=42.22 bid_size=7.0 bid_exchange='E' ask_price=46.31 ask_size=3.0 ask_exchange='J' conditions='A' tape=None
2026-09-03 16:31:43,276 INFO [agent] Created quote for OIH260918C00395000: bid=42.22, ask=46.31
2026-09-03 16:31:43,276 INFO [agent] Implied volatility for OIH260918C00395000: 0.4051
2026-09-03 16:31:43,276 INFO [agent] Greeks for OIH260918C00395000: delta=0.9011 gamma=0.0049 rho=0.1436 theta=-0.243 vega=0.1542
2026-09-03 16:31:43,276 INFO [agent] Created greeks for OIH260918C00395000: delta=0.9011, gamma=0.0049
2026-09-03 16:31:43,276 INFO [agent] Returning snapshot for OIH260918C00395000: quote=True
2026-09-03 16:31:43,276 INFO [agent] Getting option snapshot for OIH260918C00400000
2026-09-03 16:31:43,713 INFO [agent] Received snapshot response for OIH260918C00400000: <class 'dict'>
2026-09-03 16:31:43,713 INFO [agent] Raw snapshot for OIH260918C00400000: <class 'alpaca.data.models.snapshots.OptionsSnapshot'> - ['__abstractmethods__', '__annotations__', '__class__', '__class_getitem__', '__class_vars__', '__copy__', '__deepcopy__', '__delattr__', '__dict__', '__dir__', '__doc__', '__eq__', '__fields__', '__fields_set__', '__format__', '__ge__', '__get_pydantic_core_schema__', '__get_pydantic_json_schema__', '__getattr__', '__getattribute__', '__getstate__', '__gt__', '__hash__', '__init__', '__init_subclass__', '__iter__', '__le__', '__lt__', '__module__', '__ne__', '__new__', '__pretty__', '__private_attributes__', '__pydantic_complete__', '__pydantic_computed_fields__', '__pydantic_core_schema__', '__pydantic_custom_init__', '__pydantic_decorators__', '__pydantic_extra__', '__pydantic_extra_info__', '__pydantic_fields__', '__pydantic_fields_set__', '__pydantic_generic_metadata__', '__pydantic_init_subclass__', '__pydantic_on_complete__', '__pydantic_parent_namespace__', '__pydantic_post_init__', '__pydantic_private__', '__pydantic_root_model__', '__pydantic_serializer__', '__pydantic_setattr_handlers__', '__pydantic_validator__', '__reduce__', '__reduce_ex__', '__replace__', '__repr__', '__repr_args__', '__repr_name__', '__repr_recursion__', '__repr_str__', '__rich_repr__', '__setattr__', '__setstate__', '__signature__', '__sizeof__', '__slots__', '__str__', '__subclasshook__', '__weakref__', '_abc_impl', '_calculate_keys', '_copy_and_set_values', '_get_value', '_iter', '_setattr_handler', 'construct', 'copy', 'dict', 'from_orm', 'greeks', 'implied_volatility', 'json', 'latest_quote', 'latest_trade', 'model_computed_fields', 'model_config', 'model_construct', 'model_copy', 'model_dump', 'model_dump_json', 'model_extra', 'model_fields', 'model_fields_set', 'model_json_schema', 'model_parametrized_name', 'model_post_init', 'model_rebuild', 'model_validate', 'model_validate_json', 'model_validate_strings', 'parse_file', 'parse_obj', 'parse_raw', 'schema', 'schema_json', 'symbol', 'update_forward_refs', 'validate']
2026-09-03 16:31:43,713 INFO [agent] Latest quote for OIH260918C00400000: symbol='OIH260918C00400000' timestamp=datetime.datetime(2026, 9, 3, 13, 31, 38, 298108, tzinfo=TzInfo(0)) bid_price=36.79 bid_size=9.0 bid_exchange='E' ask_price=40.08 ask_size=9.0 ask_exchange='E' conditions=' ' tape=None
2026-09-03 16:31:43,713 INFO [agent] Created quote for OIH260918C00400000: bid=36.79, ask=40.08
2026-09-03 16:31:43,713 INFO [agent] Implied volatility for OIH260918C00400000: 0.3096
2026-09-03 16:31:43,713 INFO [agent] Greeks for OIH260918C00400000: delta=0.9282 gamma=0.005 rho=0.1509 theta=-0.1618 vega=0.1213
2026-09-03 16:31:43,713 INFO [agent] Created greeks for OIH260918C00400000: delta=0.9282, gamma=0.005
2026-09-03 16:31:43,713 INFO [agent] Returning snapshot for OIH260918C00400000: quote=True
2026-09-03 16:31:43,713 INFO [agent] Getting option snapshot for OIH260918C00405000
2026-09-03 16:31:44,065 INFO [agent] Received snapshot response for OIH260918C00405000: <class 'dict'>
2026-09-03 16:31:44,065 INFO [agent] Raw snapshot for OIH260918C00405000: <class 'alpaca.data.models.snapshots.OptionsSnapshot'> - ['__abstractmethods__', '__annotations__', '__class__', '__class_getitem__', '__class_vars__', '__copy__', '__deepcopy__', '__delattr__', '__dict__', '__dir__', '__doc__', '__eq__', '__fields__', '__fields_set__', '__format__', '__ge__', '__get_pydantic_core_schema__', '__get_pydantic_json_schema__', '__getattr__', '__getattribute__', '__getstate__', '__gt__', '__hash__', '__init__', '__init_subclass__', '__iter__', '__le__', '__lt__', '__module__', '__ne__', '__new__', '__pretty__', '__private_attributes__', '__pydantic_complete__', '__pydantic_computed_fields__', '__pydantic_core_schema__', '__pydantic_custom_init__', '__pydantic_decorators__', '__pydantic_extra__', '__pydantic_extra_info__', '__pydantic_fields__', '__pydantic_fields_set__', '__pydantic_generic_metadata__', '__pydantic_init_subclass__', '__pydantic_on_complete__', '__pydantic_parent_namespace__', '__pydantic_post_init__', '__pydantic_private__', '__pydantic_root_model__', '__pydantic_serializer__', '__pydantic_setattr_handlers__', '__pydantic_validator__', '__reduce__', '__reduce_ex__', '__replace__', '__repr__', '__repr_args__', '__repr_name__', '__repr_recursion__', '__repr_str__', '__rich_repr__', '__setattr__', '__setstate__', '__signature__', '__sizeof__', '__slots__', '__str__', '__subclasshook__', '__weakref__', '_abc_impl', '_calculate_keys', '_copy_and_set_values', '_get_value', '_iter', '_setattr_handler', 'construct', 'copy', 'dict', 'from_orm', 'greeks', 'implied_volatility', 'json', 'latest_quote', 'latest_trade', 'model_computed_fields', 'model_config', 'model_construct', 'model_copy', 'model_dump', 'model_dump_json', 'model_extra', 'model_fields', 'model_fields_set', 'model_json_schema', 'model_parametrized_name', 'model_post_init', 'model_rebuild', 'model_validate', 'model_validate_json', 'model_validate_strings', 'parse_file', 'parse_obj', 'parse_raw', 'schema', 'schema_json', 'symbol', 'update_forward_refs', 'validate']
2026-09-03 16:31:44,065 INFO [agent] Latest quote for OIH260918C00405000: symbol='OIH260918C00405000' timestamp=datetime.datetime(2026, 9, 3, 13, 31, 38, 966197, tzinfo=TzInfo(0)) bid_price=32.61 bid_size=11.0 bid_exchange='J' ask_price=35.67 ask_size=1.0 ask_exchange='A' conditions='A' tape=None
2026-09-03 16:31:44,065 INFO [agent] Created quote for OIH260918C00405000: bid=32.61, ask=35.67
2026-09-03 16:31:44,065 INFO [agent] Implied volatility for OIH260918C00405000: 0.3226
2026-09-03 16:31:44,065 INFO [agent] Greeks for OIH260918C00405000: delta=0.8881 gamma=0.0067 rho=0.1454 theta=-0.2167 vega=0.1687
2026-09-03 16:31:44,065 INFO [agent] Created greeks for OIH260918C00405000: delta=0.8881, gamma=0.0067
2026-09-03 16:31:44,065 INFO [agent] Returning snapshot for OIH260918C00405000: quote=True
2026-09-03 16:31:44,065 INFO [agent] Getting option snapshot for OIH260918C00410000
2026-09-03 16:31:44,407 INFO [agent] Received snapshot response for OIH260918C00410000: <class 'dict'>
2026-09-03 16:31:44,407 INFO [agent] Raw snapshot for OIH260918C00410000: <class 'alpaca.data.models.snapshots.OptionsSnapshot'> - ['__abstractmethods__', '__annotations__', '__class__', '__class_getitem__', '__class_vars__', '__copy__', '__deepcopy__', '__delattr__', '__dict__', '__dir__', '__doc__', '__eq__', '__fields__', '__fields_set__', '__format__', '__ge__', '__get_pydantic_core_schema__', '__get_pydantic_json_schema__', '__getattr__', '__getattribute__', '__getstate__', '__gt__', '__hash__', '__init__', '__init_subclass__', '__iter__', '__le__', '__lt__', '__module__', '__ne__', '__new__', '__pretty__', '__private_attributes__', '__pydantic_complete__', '__pydantic_computed_fields__', '__pydantic_core_schema__', '__pydantic_custom_init__', '__pydantic_decorators__', '__pydantic_extra__', '__pydantic_extra_info__', '__pydantic_fields__', '__pydantic_fields_set__', '__pydantic_generic_metadata__', '__pydantic_init_subclass__', '__pydantic_on_complete__', '__pydantic_parent_namespace__', '__pydantic_post_init__', '__pydantic_private__', '__pydantic_root_model__', '__pydantic_serializer__', '__pydantic_setattr_handlers__', '__pydantic_validator__', '__reduce__', '__reduce_ex__', '__replace__', '__repr__', '__repr_args__', '__repr_name__', '__repr_recursion__', '__repr_str__', '__rich_repr__', '__setattr__', '__setstate__', '__signature__', '__sizeof__', '__slots__', '__str__', '__subclasshook__', '__weakref__', '_abc_impl', '_calculate_keys', '_copy_and_set_values', '_get_value', '_iter', '_setattr_handler', 'construct', 'copy', 'dict', 'from_orm', 'greeks', 'implied_volatility', 'json', 'latest_quote', 'latest_trade', 'model_computed_fields', 'model_config', 'model_construct', 'model_copy', 'model_dump', 'model_dump_json', 'model_extra', 'model_fields', 'model_fields_set', 'model_json_schema', 'model_parametrized_name', 'model_post_init', 'model_rebuild', 'model_validate', 'model_validate_json', 'model_validate_strings', 'parse_file', 'parse_obj', 'parse_raw', 'schema', 'schema_json', 'symbol', 'update_forward_refs', 'validate']
2026-09-03 16:31:44,407 INFO [agent] Latest quote for OIH260918C00410000: symbol='OIH260918C00410000' timestamp=datetime.datetime(2026, 9, 3, 13, 31, 41, 980667, tzinfo=TzInfo(0)) bid_price=27.36 bid_size=8.0 bid_exchange='E' ask_price=31.98 ask_size=1.0 ask_exchange='A' conditions=' ' tape=None
2026-09-03 16:31:44,407 INFO [agent] Created quote for OIH260918C00410000: bid=27.36, ask=31.98
2026-09-03 16:31:44,407 INFO [agent] Implied volatility for OIH260918C00410000: 0.3126
2026-09-03 16:31:44,407 INFO [agent] Greeks for OIH260918C00410000: delta=0.8553 gamma=0.0082 rho=0.1414 theta=-0.2444 vega=0.2016
2026-09-03 16:31:44,407 INFO [agent] Created greeks for OIH260918C00410000: delta=0.8553, gamma=0.0082
2026-09-03 16:31:44,407 INFO [agent] Returning snapshot for OIH260918C00410000: quote=True
2026-09-03 16:31:44,407 INFO [agent] Getting option snapshot for OIH260918C00415000
2026-09-03 16:31:44,742 INFO [agent] Received snapshot response for OIH260918C00415000: <class 'dict'>
2026-09-03 16:31:44,742 INFO [agent] Raw snapshot for OIH260918C00415000: <class 'alpaca.data.models.snapshots.OptionsSnapshot'> - ['__abstractmethods__', '__annotations__', '__class__', '__class_getitem__', '__class_vars__', '__copy__', '__deepcopy__', '__delattr__', '__dict__', '__dir__', '__doc__', '__eq__', '__fields__', '__fields_set__', '__format__', '__ge__', '__get_pydantic_core_schema__', '__get_pydantic_json_schema__', '__getattr__', '__getattribute__', '__getstate__', '__gt__', '__hash__', '__init__', '__init_subclass__', '__iter__', '__le__', '__lt__', '__module__', '__ne__', '__new__', '__pretty__', '__private_attributes__', '__pydantic_complete__', '__pydantic_computed_fields__', '__pydantic_core_schema__', '__pydantic_custom_init__', '__pydantic_decorators__', '__pydantic_extra__', '__pydantic_extra_info__', '__pydantic_fields__', '__pydantic_fields_set__', '__pydantic_generic_metadata__', '__pydantic_init_subclass__', '__pydantic_on_complete__', '__pydantic_parent_namespace__', '__pydantic_post_init__', '__pydantic_private__', '__pydantic_root_model__', '__pydantic_serializer__', '__pydantic_setattr_handlers__', '__pydantic_validator__', '__reduce__', '__reduce_ex__', '__replace__', '__repr__', '__repr_args__', '__repr_name__', '__repr_recursion__', '__repr_str__', '__rich_repr__', '__setattr__', '__setstate__', '__signature__', '__sizeof__', '__slots__', '__str__', '__subclasshook__', '__weakref__', '_abc_impl', '_calculate_keys', '_copy_and_set_values', '_get_value', '_iter', '_setattr_handler', 'construct', 'copy', 'dict', 'from_orm', 'greeks', 'implied_volatility', 'json', 'latest_quote', 'latest_trade', 'model_computed_fields', 'model_config', 'model_construct', 'model_copy', 'model_dump', 'model_dump_json', 'model_extra', 'model_fields', 'model_fields_set', 'model_json_schema', 'model_parametrized_name', 'model_post_init', 'model_rebuild', 'model_validate', 'model_validate_json', 'model_validate_strings', 'parse_file', 'parse_obj', 'parse_raw', 'schema', 'schema_json', 'symbol', 'update_forward_refs', 'validate']
2026-09-03 16:31:44,742 INFO [agent] Latest quote for OIH260918C00415000: symbol='OIH260918C00415000' timestamp=datetime.datetime(2026, 9, 3, 13, 31, 39, 13695, tzinfo=TzInfo(0)) bid_price=24.06 bid_size=6.0 bid_exchange='D' ask_price=26.8 ask_size=8.0 ask_exchange='B' conditions=' ' tape=None
2026-09-03 16:31:44,742 INFO [agent] Created quote for OIH260918C00415000: bid=24.06, ask=26.8
2026-09-03 16:31:44,743 INFO [agent] Implied volatility for OIH260918C00415000: 0.3056
2026-09-03 16:31:44,743 INFO [agent] Greeks for OIH260918C00415000: delta=0.8123 gamma=0.0099 rho=0.1354 theta=-0.2759 vega=0.2385
2026-09-03 16:31:44,743 INFO [agent] Created greeks for OIH260918C00415000: delta=0.8123, gamma=0.0099
2026-09-03 16:31:44,743 INFO [agent] Returning snapshot for OIH260918C00415000: quote=True
2026-09-03 16:31:44,743 INFO [agent] Getting option snapshot for OIH260918C00420000
2026-09-03 16:31:45,077 INFO [agent] Received snapshot response for OIH260918C00420000: <class 'dict'>
2026-09-03 16:31:45,077 INFO [agent] Raw snapshot for OIH260918C00420000: <class 'alpaca.data.models.snapshots.OptionsSnapshot'> - ['__abstractmethods__', '__annotations__', '__class__', '__class_getitem__', '__class_vars__', '__copy__', '__deepcopy__', '__delattr__', '__dict__', '__dir__', '__doc__', '__eq__', '__fields__', '__fields_set__', '__format__', '__ge__', '__get_pydantic_core_schema__', '__get_pydantic_json_schema__', '__getattr__', '__getattribute__', '__getstate__', '__gt__', '__hash__', '__init__', '__init_subclass__', '__iter__', '__le__', '__lt__', '__module__', '__ne__', '__new__', '__pretty__', '__private_attributes__', '__pydantic_complete__', '__pydantic_computed_fields__', '__pydantic_core_schema__', '__pydantic_custom_init__', '__pydantic_decorators__', '__pydantic_extra__', '__pydantic_extra_info__', '__pydantic_fields__', '__pydantic_fields_set__', '__pydantic_generic_metadata__', '__pydantic_init_subclass__', '__pydantic_on_complete__', '__pydantic_parent_namespace__', '__pydantic_post_init__', '__pydantic_private__', '__pydantic_root_model__', '__pydantic_serializer__', '__pydantic_setattr_handlers__', '__pydantic_validator__', '__reduce__', '__reduce_ex__', '__replace__', '__repr__', '__repr_args__', '__repr_name__', '__repr_recursion__', '__repr_str__', '__rich_repr__', '__setattr__', '__setstate__', '__signature__', '__sizeof__', '__slots__', '__str__', '__subclasshook__', '__weakref__', '_abc_impl', '_calculate_keys', '_copy_and_set_values', '_get_value', '_iter', '_setattr_handler', 'construct', 'copy', 'dict', 'from_orm', 'greeks', 'implied_volatility', 'json', 'latest_quote', 'latest_trade', 'model_computed_fields', 'model_config', 'model_construct', 'model_copy', 'model_dump', 'model_dump_json', 'model_extra', 'model_fields', 'model_fields_set', 'model_json_schema', 'model_parametrized_name', 'model_post_init', 'model_rebuild', 'model_validate', 'model_validate_json', 'model_validate_strings', 'parse_file', 'parse_obj', 'parse_raw', 'schema', 'schema_json', 'symbol', 'update_forward_refs', 'validate']
2026-09-03 16:31:45,077 INFO [agent] Latest quote for OIH260918C00420000: symbol='OIH260918C00420000' timestamp=datetime.datetime(2026, 9, 3, 13, 31, 43, 467202, tzinfo=TzInfo(0)) bid_price=20.39 bid_size=17.0 bid_exchange='J' ask_price=22.86 ask_size=12.0 ask_exchange='E' conditions=' ' tape=None
2026-09-03 16:31:45,078 INFO [agent] Created quote for OIH260918C00420000: bid=20.39, ask=22.86
2026-09-03 16:31:45,078 INFO [agent] Implied volatility for OIH260918C00420000: 0.3064
2026-09-03 16:31:45,078 INFO [agent] Greeks for OIH260918C00420000: delta=0.7555 gamma=0.0116 rho=0.1268 theta=-0.3149 vega=0.2782
2026-09-03 16:31:45,078 INFO [agent] Created greeks for OIH260918C00420000: delta=0.7555, gamma=0.0116
2026-09-03 16:31:45,078 INFO [agent] Returning snapshot for OIH260918C00420000: quote=True
2026-09-03 16:31:45,078 INFO [agent] Getting option snapshot for OIH260918C00425000
2026-09-03 16:31:45,404 INFO [agent] Received snapshot response for OIH260918C00425000: <class 'dict'>
2026-09-03 16:31:45,404 INFO [agent] Raw snapshot for OIH260918C00425000: <class 'alpaca.data.models.snapshots.OptionsSnapshot'> - ['__abstractmethods__', '__annotations__', '__class__', '__class_getitem__', '__class_vars__', '__copy__', '__deepcopy__', '__delattr__', '__dict__', '__dir__', '__doc__', '__eq__', '__fields__', '__fields_set__', '__format__', '__ge__', '__get_pydantic_core_schema__', '__get_pydantic_json_schema__', '__getattr__', '__getattribute__', '__getstate__', '__gt__', '__hash__', '__init__', '__init_subclass__', '__iter__', '__le__', '__lt__', '__module__', '__ne__', '__new__', '__pretty__', '__private_attributes__', '__pydantic_complete__', '__pydantic_computed_fields__', '__pydantic_core_schema__', '__pydantic_custom_init__', '__pydantic_decorators__', '__pydantic_extra__', '__pydantic_extra_info__', '__pydantic_fields__', '__pydantic_fields_set__', '__pydantic_generic_metadata__', '__pydantic_init_subclass__', '__pydantic_on_complete__', '__pydantic_parent_namespace__', '__pydantic_post_init__', '__pydantic_private__', '__pydantic_root_model__', '__pydantic_serializer__', '__pydantic_setattr_handlers__', '__pydantic_validator__', '__reduce__', '__reduce_ex__', '__replace__', '__repr__', '__repr_args__', '__repr_name__', '__repr_recursion__', '__repr_str__', '__rich_repr__', '__setattr__', '__setstate__', '__signature__', '__sizeof__', '__slots__', '__str__', '__subclasshook__', '__weakref__', '_abc_impl', '_calculate_keys', '_copy_and_set_values', '_get_value', '_iter', '_setattr_handler', 'construct', 'copy', 'dict', 'from_orm', 'greeks', 'implied_volatility', 'json', 'latest_quote', 'latest_trade', 'model_computed_fields', 'model_config', 'model_construct', 'model_copy', 'model_dump', 'model_dump_json', 'model_extra', 'model_fields', 'model_fields_set', 'model_json_schema', 'model_parametrized_name', 'model_post_init', 'model_rebuild', 'model_validate', 'model_validate_json', 'model_validate_strings', 'parse_file', 'parse_obj', 'parse_raw', 'schema', 'schema_json', 'symbol', 'update_forward_refs', 'validate']
2026-09-03 16:31:45,404 INFO [agent] Latest quote for OIH260918C00425000: symbol='OIH260918C00425000' timestamp=datetime.datetime(2026, 9, 3, 13, 31, 43, 201260, tzinfo=TzInfo(0)) bid_price=16.52 bid_size=14.0 bid_exchange='E' ask_price=19.68 ask_size=11.0 ask_exchange='E' conditions='A' tape=None
2026-09-03 16:31:45,404 INFO [agent] Created quote for OIH260918C00425000: bid=16.52, ask=19.68
2026-09-03 16:31:45,404 INFO [agent] Implied volatility for OIH260918C00425000: 0.3059
2026-09-03 16:31:45,404 INFO [agent] Greeks for OIH260918C00425000: delta=0.6921 gamma=0.013 rho=0.1168 theta=-0.3461 vega=0.3116
2026-09-03 16:31:45,404 INFO [agent] Created greeks for OIH260918C00425000: delta=0.6921, gamma=0.013
2026-09-03 16:31:45,404 INFO [agent] Returning snapshot for OIH260918C00425000: quote=True
2026-09-03 16:31:45,404 INFO [agent] Getting option snapshot for OIH260918C00430000
2026-09-03 16:31:45,836 INFO [agent] Received snapshot response for OIH260918C00430000: <class 'dict'>
2026-09-03 16:31:45,836 INFO [agent] Raw snapshot for OIH260918C00430000: <class 'alpaca.data.models.snapshots.OptionsSnapshot'> - ['__abstractmethods__', '__annotations__', '__class__', '__class_getitem__', '__class_vars__', '__copy__', '__deepcopy__', '__delattr__', '__dict__', '__dir__', '__doc__', '__eq__', '__fields__', '__fields_set__', '__format__', '__ge__', '__get_pydantic_core_schema__', '__get_pydantic_json_schema__', '__getattr__', '__getattribute__', '__getstate__', '__gt__', '__hash__', '__init__', '__init_subclass__', '__iter__', '__le__', '__lt__', '__module__', '__ne__', '__new__', '__pretty__', '__private_attributes__', '__pydantic_complete__', '__pydantic_computed_fields__', '__pydantic_core_schema__', '__pydantic_custom_init__', '__pydantic_decorators__', '__pydantic_extra__', '__pydantic_extra_info__', '__pydantic_fields__', '__pydantic_fields_set__', '__pydantic_generic_metadata__', '__pydantic_init_subclass__', '__pydantic_on_complete__', '__pydantic_parent_namespace__', '__pydantic_post_init__', '__pydantic_private__', '__pydantic_root_model__', '__pydantic_serializer__', '__pydantic_setattr_handlers__', '__pydantic_validator__', '__reduce__', '__reduce_ex__', '__replace__', '__repr__', '__repr_args__', '__repr_name__', '__repr_recursion__', '__repr_str__', '__rich_repr__', '__setattr__', '__setstate__', '__signature__', '__sizeof__', '__slots__', '__str__', '__subclasshook__', '__weakref__', '_abc_impl', '_calculate_keys', '_copy_and_set_values', '_get_value', '_iter', '_setattr_handler', 'construct', 'copy', 'dict', 'from_orm', 'greeks', 'implied_volatility', 'json', 'latest_quote', 'latest_trade', 'model_computed_fields', 'model_config', 'model_construct', 'model_copy', 'model_dump', 'model_dump_json', 'model_extra', 'model_fields', 'model_fields_set', 'model_json_schema', 'model_parametrized_name', 'model_post_init', 'model_rebuild', 'model_validate', 'model_validate_json', 'model_validate_strings', 'parse_file', 'parse_obj', 'parse_raw', 'schema', 'schema_json', 'symbol', 'update_forward_refs', 'validate']
2026-09-03 16:31:45,836 INFO [agent] Latest quote for OIH260918C00430000: symbol='OIH260918C00430000' timestamp=datetime.datetime(2026, 9, 3, 13, 31, 37, 25447, tzinfo=TzInfo(0)) bid_price=13.58 bid_size=17.0 bid_exchange='J' ask_price=17.22 ask_size=16.0 ask_exchange='A' conditions=' ' tape=None
2026-09-03 16:31:45,836 INFO [agent] Created quote for OIH260918C00430000: bid=13.58, ask=17.22
2026-09-03 16:31:45,837 INFO [agent] Implied volatility for OIH260918C00430000: 0.3199
2026-09-03 16:31:45,837 INFO [agent] Greeks for OIH260918C00430000: delta=0.6188 gamma=0.0135 rho=0.1048 theta=-0.3854 vega=0.3376
2026-09-03 16:31:45,837 INFO [agent] Created greeks for OIH260918C00430000: delta=0.6188, gamma=0.0135
2026-09-03 16:31:45,837 INFO [agent] Returning snapshot for OIH260918C00430000: quote=True
2026-09-03 16:31:45,837 INFO [agent] Getting option snapshot for OIH260918C00435000
2026-09-03 16:31:46,173 INFO [agent] Received snapshot response for OIH260918C00435000: <class 'dict'>
2026-09-03 16:31:46,173 INFO [agent] Raw snapshot for OIH260918C00435000: <class 'alpaca.data.models.snapshots.OptionsSnapshot'> - ['__abstractmethods__', '__annotations__', '__class__', '__class_getitem__', '__class_vars__', '__copy__', '__deepcopy__', '__delattr__', '__dict__', '__dir__', '__doc__', '__eq__', '__fields__', '__fields_set__', '__format__', '__ge__', '__get_pydantic_core_schema__', '__get_pydantic_json_schema__', '__getattr__', '__getattribute__', '__getstate__', '__gt__', '__hash__', '__init__', '__init_subclass__', '__iter__', '__le__', '__lt__', '__module__', '__ne__', '__new__', '__pretty__', '__private_attributes__', '__pydantic_complete__', '__pydantic_computed_fields__', '__pydantic_core_schema__', '__pydantic_custom_init__', '__pydantic_decorators__', '__pydantic_extra__', '__pydantic_extra_info__', '__pydantic_fields__', '__pydantic_fields_set__', '__pydantic_generic_metadata__', '__pydantic_init_subclass__', '__pydantic_on_complete__', '__pydantic_parent_namespace__', '__pydantic_post_init__', '__pydantic_private__', '__pydantic_root_model__', '__pydantic_serializer__', '__pydantic_setattr_handlers__', '__pydantic_validator__', '__reduce__', '__reduce_ex__', '__replace__', '__repr__', '__repr_args__', '__repr_name__', '__repr_recursion__', '__repr_str__', '__rich_repr__', '__setattr__', '__setstate__', '__signature__', '__sizeof__', '__slots__', '__str__', '__subclasshook__', '__weakref__', '_abc_impl', '_calculate_keys', '_copy_and_set_values', '_get_value', '_iter', '_setattr_handler', 'construct', 'copy', 'dict', 'from_orm', 'greeks', 'implied_volatility', 'json', 'latest_quote', 'latest_trade', 'model_computed_fields', 'model_config', 'model_construct', 'model_copy', 'model_dump', 'model_dump_json', 'model_extra', 'model_fields', 'model_fields_set', 'model_json_schema', 'model_parametrized_name', 'model_post_init', 'model_rebuild', 'model_validate', 'model_validate_json', 'model_validate_strings', 'parse_file', 'parse_obj', 'parse_raw', 'schema', 'schema_json', 'symbol', 'update_forward_refs', 'validate']
2026-09-03 16:31:46,173 INFO [agent] Latest quote for OIH260918C00435000: symbol='OIH260918C00435000' timestamp=datetime.datetime(2026, 9, 3, 13, 31, 37, 26214, tzinfo=TzInfo(0)) bid_price=10.37 bid_size=16.0 bid_exchange='A' ask_price=14.03 ask_size=11.0 ask_exchange='U' conditions='A' tape=None
2026-09-03 16:31:46,174 INFO [agent] Created quote for OIH260918C00435000: bid=10.37, ask=14.03
2026-09-03 16:31:46,174 INFO [agent] Implied volatility for OIH260918C00435000: 0.3082
2026-09-03 16:31:46,174 INFO [agent] Greeks for OIH260918C00435000: delta=0.5503 gamma=0.0145 rho=0.0938 theta=-0.3829 vega=0.3506
2026-09-03 16:31:46,174 INFO [agent] Created greeks for OIH260918C00435000: delta=0.5503, gamma=0.0145
2026-09-03 16:31:46,174 INFO [agent] Returning snapshot for OIH260918C00435000: quote=True
2026-09-03 16:31:46,174 INFO [agent] Getting option snapshot for OIH260918C00440000
2026-09-03 16:31:46,525 INFO [agent] Received snapshot response for OIH260918C00440000: <class 'dict'>
2026-09-03 16:31:46,525 INFO [agent] Raw snapshot for OIH260918C00440000: <class 'alpaca.data.models.snapshots.OptionsSnapshot'> - ['__abstractmethods__', '__annotations__', '__class__', '__class_getitem__', '__class_vars__', '__copy__', '__deepcopy__', '__delattr__', '__dict__', '__dir__', '__doc__', '__eq__', '__fields__', '__fields_set__', '__format__', '__ge__', '__get_pydantic_core_schema__', '__get_pydantic_json_schema__', '__getattr__', '__getattribute__', '__getstate__', '__gt__', '__hash__', '__init__', '__init_subclass__', '__iter__', '__le__', '__lt__', '__module__', '__ne__', '__new__', '__pretty__', '__private_attributes__', '__pydantic_complete__', '__pydantic_computed_fields__', '__pydantic_core_schema__', '__pydantic_custom_init__', '__pydantic_decorators__', '__pydantic_extra__', '__pydantic_extra_info__', '__pydantic_fields__', '__pydantic_fields_set__', '__pydantic_generic_metadata__', '__pydantic_init_subclass__', '__pydantic_on_complete__', '__pydantic_parent_namespace__', '__pydantic_post_init__', '__pydantic_private__', '__pydantic_root_model__', '__pydantic_serializer__', '__pydantic_setattr_handlers__', '__pydantic_validator__', '__reduce__', '__reduce_ex__', '__replace__', '__repr__', '__repr_args__', '__repr_name__', '__repr_recursion__', '__repr_str__', '__rich_repr__', '__setattr__', '__setstate__', '__signature__', '__sizeof__', '__slots__', '__str__', '__subclasshook__', '__weakref__', '_abc_impl', '_calculate_keys', '_copy_and_set_values', '_get_value', '_iter', '_setattr_handler', 'construct', 'copy', 'dict', 'from_orm', 'greeks', 'implied_volatility', 'json', 'latest_quote', 'latest_trade', 'model_computed_fields', 'model_config', 'model_construct', 'model_copy', 'model_dump', 'model_dump_json', 'model_extra', 'model_fields', 'model_fields_set', 'model_json_schema', 'model_parametrized_name', 'model_post_init', 'model_rebuild', 'model_validate', 'model_validate_json', 'model_validate_strings', 'parse_file', 'parse_obj', 'parse_raw', 'schema', 'schema_json', 'symbol', 'update_forward_refs', 'validate']
2026-09-03 16:31:46,525 INFO [agent] Latest quote for OIH260918C00440000: symbol='OIH260918C00440000' timestamp=datetime.datetime(2026, 9, 3, 13, 31, 41, 614105, tzinfo=TzInfo(0)) bid_price=8.15 bid_size=12.0 bid_exchange='U' ask_price=11.23 ask_size=16.0 ask_exchange='E' conditions='A' tape=None
2026-09-03 16:31:46,525 INFO [agent] Created quote for OIH260918C00440000: bid=8.15, ask=11.23
2026-09-03 16:31:46,525 INFO [agent] Implied volatility for OIH260918C00440000: 0.3062
2026-09-03 16:31:46,525 INFO [agent] Greeks for OIH260918C00440000: delta=0.4772 gamma=0.0147 rho=0.0817 theta=-0.3799 vega=0.3528
2026-09-03 16:31:46,525 INFO [agent] Created greeks for OIH260918C00440000: delta=0.4772, gamma=0.0147
2026-09-03 16:31:46,525 INFO [agent] Returning snapshot for OIH260918C00440000: quote=True
2026-09-03 16:31:46,525 INFO [agent] Getting option snapshot for OIH260918C00445000
2026-09-03 16:31:46,942 INFO [agent] Received snapshot response for OIH260918C00445000: <class 'dict'>
2026-09-03 16:31:46,942 INFO [agent] Raw snapshot for OIH260918C00445000: <class 'alpaca.data.models.snapshots.OptionsSnapshot'> - ['__abstractmethods__', '__annotations__', '__class__', '__class_getitem__', '__class_vars__', '__copy__', '__deepcopy__', '__delattr__', '__dict__', '__dir__', '__doc__', '__eq__', '__fields__', '__fields_set__', '__format__', '__ge__', '__get_pydantic_core_schema__', '__get_pydantic_json_schema__', '__getattr__', '__getattribute__', '__getstate__', '__gt__', '__hash__', '__init__', '__init_subclass__', '__iter__', '__le__', '__lt__', '__module__', '__ne__', '__new__', '__pretty__', '__private_attributes__', '__pydantic_complete__', '__pydantic_computed_fields__', '__pydantic_core_schema__', '__pydantic_custom_init__', '__pydantic_decorators__', '__pydantic_extra__', '__pydantic_extra_info__', '__pydantic_fields__', '__pydantic_fields_set__', '__pydantic_generic_metadata__', '__pydantic_init_subclass__', '__pydantic_on_complete__', '__pydantic_parent_namespace__', '__pydantic_post_init__', '__pydantic_private__', '__pydantic_root_model__', '__pydantic_serializer__', '__pydantic_setattr_handlers__', '__pydantic_validator__', '__reduce__', '__reduce_ex__', '__replace__', '__repr__', '__repr_args__', '__repr_name__', '__repr_recursion__', '__repr_str__', '__rich_repr__', '__setattr__', '__setstate__', '__signature__', '__sizeof__', '__slots__', '__str__', '__subclasshook__', '__weakref__', '_abc_impl', '_calculate_keys', '_copy_and_set_values', '_get_value', '_iter', '_setattr_handler', 'construct', 'copy', 'dict', 'from_orm', 'greeks', 'implied_volatility', 'json', 'latest_quote', 'latest_trade', 'model_computed_fields', 'model_config', 'model_construct', 'model_copy', 'model_dump', 'model_dump_json', 'model_extra', 'model_fields', 'model_fields_set', 'model_json_schema', 'model_parametrized_name', 'model_post_init', 'model_rebuild', 'model_validate', 'model_validate_json', 'model_validate_strings', 'parse_file', 'parse_obj', 'parse_raw', 'schema', 'schema_json', 'symbol', 'update_forward_refs', 'validate']
2026-09-03 16:31:46,942 INFO [agent] Latest quote for OIH260918C00445000: symbol='OIH260918C00445000' timestamp=datetime.datetime(2026, 9, 3, 13, 31, 38, 150643, tzinfo=TzInfo(0)) bid_price=5.44 bid_size=12.0 bid_exchange='A' ask_price=9.05 ask_size=14.0 ask_exchange='C' conditions='A' tape=None
2026-09-03 16:31:46,942 INFO [agent] Created quote for OIH260918C00445000: bid=5.44, ask=9.05
2026-09-03 16:31:46,942 INFO [agent] Implied volatility for OIH260918C00445000: 0.2956
2026-09-03 16:31:46,942 INFO [agent] Greeks for OIH260918C00445000: delta=0.4013 gamma=0.0148 rho=0.0691 theta=-0.3542 vega=0.3425
2026-09-03 16:31:46,942 INFO [agent] Created greeks for OIH260918C00445000: delta=0.4013, gamma=0.0148
2026-09-03 16:31:46,942 INFO [agent] Returning snapshot for OIH260918C00445000: quote=True
2026-09-03 16:31:46,942 INFO [agent] Getting option snapshot for OIH260918C00450000
2026-09-03 16:31:47,269 INFO [agent] Received snapshot response for OIH260918C00450000: <class 'dict'>
2026-09-03 16:31:47,269 INFO [agent] Raw snapshot for OIH260918C00450000: <class 'alpaca.data.models.snapshots.OptionsSnapshot'> - ['__abstractmethods__', '__annotations__', '__class__', '__class_getitem__', '__class_vars__', '__copy__', '__deepcopy__', '__delattr__', '__dict__', '__dir__', '__doc__', '__eq__', '__fields__', '__fields_set__', '__format__', '__ge__', '__get_pydantic_core_schema__', '__get_pydantic_json_schema__', '__getattr__', '__getattribute__', '__getstate__', '__gt__', '__hash__', '__init__', '__init_subclass__', '__iter__', '__le__', '__lt__', '__module__', '__ne__', '__new__', '__pretty__', '__private_attributes__', '__pydantic_complete__', '__pydantic_computed_fields__', '__pydantic_core_schema__', '__pydantic_custom_init__', '__pydantic_decorators__', '__pydantic_extra__', '__pydantic_extra_info__', '__pydantic_fields__', '__pydantic_fields_set__', '__pydantic_generic_metadata__', '__pydantic_init_subclass__', '__pydantic_on_complete__', '__pydantic_parent_namespace__', '__pydantic_post_init__', '__pydantic_private__', '__pydantic_root_model__', '__pydantic_serializer__', '__pydantic_setattr_handlers__', '__pydantic_validator__', '__reduce__', '__reduce_ex__', '__replace__', '__repr__', '__repr_args__', '__repr_name__', '__repr_recursion__', '__repr_str__', '__rich_repr__', '__setattr__', '__setstate__', '__signature__', '__sizeof__', '__slots__', '__str__', '__subclasshook__', '__weakref__', '_abc_impl', '_calculate_keys', '_copy_and_set_values', '_get_value', '_iter', '_setattr_handler', 'construct', 'copy', 'dict', 'from_orm', 'greeks', 'implied_volatility', 'json', 'latest_quote', 'latest_trade', 'model_computed_fields', 'model_config', 'model_construct', 'model_copy', 'model_dump', 'model_dump_json', 'model_extra', 'model_fields', 'model_fields_set', 'model_json_schema', 'model_parametrized_name', 'model_post_init', 'model_rebuild', 'model_validate', 'model_validate_json', 'model_validate_strings', 'parse_file', 'parse_obj', 'parse_raw', 'schema', 'schema_json', 'symbol', 'update_forward_refs', 'validate']
2026-09-03 16:31:47,270 INFO [agent] Latest quote for OIH260918C00450000: symbol='OIH260918C00450000' timestamp=datetime.datetime(2026, 9, 3, 13, 31, 46, 772979, tzinfo=TzInfo(0)) bid_price=4.04 bid_size=17.0 bid_exchange='A' ask_price=7.54 ask_size=16.0 ask_exchange='C' conditions='A' tape=None
2026-09-03 16:31:47,270 INFO [agent] Created quote for OIH260918C00450000: bid=4.04, ask=7.54
2026-09-03 16:31:47,270 INFO [agent] Implied volatility for OIH260918C00450000: 0.3037
2026-09-03 16:31:47,270 INFO [agent] Greeks for OIH260918C00450000: delta=0.336 gamma=0.0136 rho=0.058 theta=-0.3411 vega=0.3231
2026-09-03 16:31:47,270 INFO [agent] Created greeks for OIH260918C00450000: delta=0.336, gamma=0.0136
2026-09-03 16:31:47,270 INFO [agent] Returning snapshot for OIH260918C00450000: quote=True
2026-09-03 16:31:47,270 INFO [agent] Getting option snapshot for OIH260918C00455000
2026-09-03 16:31:47,597 INFO [agent] Received snapshot response for OIH260918C00455000: <class 'dict'>
2026-09-03 16:31:47,597 INFO [agent] Raw snapshot for OIH260918C00455000: <class 'alpaca.data.models.snapshots.OptionsSnapshot'> - ['__abstractmethods__', '__annotations__', '__class__', '__class_getitem__', '__class_vars__', '__copy__', '__deepcopy__', '__delattr__', '__dict__', '__dir__', '__doc__', '__eq__', '__fields__', '__fields_set__', '__format__', '__ge__', '__get_pydantic_core_schema__', '__get_pydantic_json_schema__', '__getattr__', '__getattribute__', '__getstate__', '__gt__', '__hash__', '__init__', '__init_subclass__', '__iter__', '__le__', '__lt__', '__module__', '__ne__', '__new__', '__pretty__', '__private_attributes__', '__pydantic_complete__', '__pydantic_computed_fields__', '__pydantic_core_schema__', '__pydantic_custom_init__', '__pydantic_decorators__', '__pydantic_extra__', '__pydantic_extra_info__', '__pydantic_fields__', '__pydantic_fields_set__', '__pydantic_generic_metadata__', '__pydantic_init_subclass__', '__pydantic_on_complete__', '__pydantic_parent_namespace__', '__pydantic_post_init__', '__pydantic_private__', '__pydantic_root_model__', '__pydantic_serializer__', '__pydantic_setattr_handlers__', '__pydantic_validator__', '__reduce__', '__reduce_ex__', '__replace__', '__repr__', '__repr_args__', '__repr_name__', '__repr_recursion__', '__repr_str__', '__rich_repr__', '__setattr__', '__setstate__', '__signature__', '__sizeof__', '__slots__', '__str__', '__subclasshook__', '__weakref__', '_abc_impl', '_calculate_keys', '_copy_and_set_values', '_get_value', '_iter', '_setattr_handler', 'construct', 'copy', 'dict', 'from_orm', 'greeks', 'implied_volatility', 'json', 'latest_quote', 'latest_trade', 'model_computed_fields', 'model_config', 'model_construct', 'model_copy', 'model_dump', 'model_dump_json', 'model_extra', 'model_fields', 'model_fields_set', 'model_json_schema', 'model_parametrized_name', 'model_post_init', 'model_rebuild', 'model_validate', 'model_validate_json', 'model_validate_strings', 'parse_file', 'parse_obj', 'parse_raw', 'schema', 'schema_json', 'symbol', 'update_forward_refs', 'validate']
2026-09-03 16:31:47,597 INFO [agent] Latest quote for OIH260918C00455000: symbol='OIH260918C00455000' timestamp=datetime.datetime(2026, 9, 3, 13, 31, 36, 461150, tzinfo=TzInfo(0)) bid_price=2.48 bid_size=11.0 bid_exchange='B' ask_price=5.99 ask_size=15.0 ask_exchange='C' conditions='A' tape=None
2026-09-03 16:31:47,597 INFO [agent] Created quote for OIH260918C00455000: bid=2.48, ask=5.99
2026-09-03 16:31:47,597 INFO [agent] Implied volatility for OIH260918C00455000: 0.2988
2026-09-03 16:31:47,597 INFO [agent] Greeks for OIH260918C00455000: delta=0.2697 gamma=0.0125 rho=0.0467 theta=-0.3029 vega=0.2927
2026-09-03 16:31:47,597 INFO [agent] Created greeks for OIH260918C00455000: delta=0.2697, gamma=0.0125
2026-09-03 16:31:47,598 INFO [agent] Returning snapshot for OIH260918C00455000: quote=True
2026-09-03 16:31:47,598 INFO [agent] Getting option snapshot for OIH260918C00460000
2026-09-03 16:31:47,936 INFO [agent] Received snapshot response for OIH260918C00460000: <class 'dict'>
2026-09-03 16:31:47,936 INFO [agent] Raw snapshot for OIH260918C00460000: <class 'alpaca.data.models.snapshots.OptionsSnapshot'> - ['__abstractmethods__', '__annotations__', '__class__', '__class_getitem__', '__class_vars__', '__copy__', '__deepcopy__', '__delattr__', '__dict__', '__dir__', '__doc__', '__eq__', '__fields__', '__fields_set__', '__format__', '__ge__', '__get_pydantic_core_schema__', '__get_pydantic_json_schema__', '__getattr__', '__getattribute__', '__getstate__', '__gt__', '__hash__', '__init__', '__init_subclass__', '__iter__', '__le__', '__lt__', '__module__', '__ne__', '__new__', '__pretty__', '__private_attributes__', '__pydantic_complete__', '__pydantic_computed_fields__', '__pydantic_core_schema__', '__pydantic_custom_init__', '__pydantic_decorators__', '__pydantic_extra__', '__pydantic_extra_info__', '__pydantic_fields__', '__pydantic_fields_set__', '__pydantic_generic_metadata__', '__pydantic_init_subclass__', '__pydantic_on_complete__', '__pydantic_parent_namespace__', '__pydantic_post_init__', '__pydantic_private__', '__pydantic_root_model__', '__pydantic_serializer__', '__pydantic_setattr_handlers__', '__pydantic_validator__', '__reduce__', '__reduce_ex__', '__replace__', '__repr__', '__repr_args__', '__repr_name__', '__repr_recursion__', '__repr_str__', '__rich_repr__', '__setattr__', '__setstate__', '__signature__', '__sizeof__', '__slots__', '__str__', '__subclasshook__', '__weakref__', '_abc_impl', '_calculate_keys', '_copy_and_set_values', '_get_value', '_iter', '_setattr_handler', 'construct', 'copy', 'dict', 'from_orm', 'greeks', 'implied_volatility', 'json', 'latest_quote', 'latest_trade', 'model_computed_fields', 'model_config', 'model_construct', 'model_copy', 'model_dump', 'model_dump_json', 'model_extra', 'model_fields', 'model_fields_set', 'model_json_schema', 'model_parametrized_name', 'model_post_init', 'model_rebuild', 'model_validate', 'model_validate_json', 'model_validate_strings', 'parse_file', 'parse_obj', 'parse_raw', 'schema', 'schema_json', 'symbol', 'update_forward_refs', 'validate']
2026-09-03 16:31:47,936 INFO [agent] Latest quote for OIH260918C00460000: symbol='OIH260918C00460000' timestamp=datetime.datetime(2026, 9, 3, 13, 30, 30, 518482, tzinfo=TzInfo(0)) bid_price=2.23 bid_size=1.0 bid_exchange='X' ask_price=4.55 ask_size=1.0 ask_exchange='X' conditions=' ' tape=None
2026-09-03 16:31:47,936 INFO [agent] Created quote for OIH260918C00460000: bid=2.23, ask=4.55
2026-09-03 16:31:47,938 INFO [agent] Implied volatility for OIH260918C00460000: 0.309
2026-09-03 16:31:47,938 INFO [agent] Greeks for OIH260918C00460000: delta=0.2219 gamma=0.0109 rho=0.0385 theta=-0.2808 vega=0.2636
2026-09-03 16:31:47,938 INFO [agent] Created greeks for OIH260918C00460000: delta=0.2219, gamma=0.0109
2026-09-03 16:31:47,938 INFO [agent] Returning snapshot for OIH260918C00460000: quote=True
2026-09-03 16:31:47,938 INFO [agent] Getting option snapshot for OIH260918C00465000
2026-09-03 16:31:48,352 INFO [agent] Received snapshot response for OIH260918C00465000: <class 'dict'>
2026-09-03 16:31:48,352 INFO [agent] Raw snapshot for OIH260918C00465000: <class 'alpaca.data.models.snapshots.OptionsSnapshot'> - ['__abstractmethods__', '__annotations__', '__class__', '__class_getitem__', '__class_vars__', '__copy__', '__deepcopy__', '__delattr__', '__dict__', '__dir__', '__doc__', '__eq__', '__fields__', '__fields_set__', '__format__', '__ge__', '__get_pydantic_core_schema__', '__get_pydantic_json_schema__', '__getattr__', '__getattribute__', '__getstate__', '__gt__', '__hash__', '__init__', '__init_subclass__', '__iter__', '__le__', '__lt__', '__module__', '__ne__', '__new__', '__pretty__', '__private_attributes__', '__pydantic_complete__', '__pydantic_computed_fields__', '__pydantic_core_schema__', '__pydantic_custom_init__', '__pydantic_decorators__', '__pydantic_extra__', '__pydantic_extra_info__', '__pydantic_fields__', '__pydantic_fields_set__', '__pydantic_generic_metadata__', '__pydantic_init_subclass__', '__pydantic_on_complete__', '__pydantic_parent_namespace__', '__pydantic_post_init__', '__pydantic_private__', '__pydantic_root_model__', '__pydantic_serializer__', '__pydantic_setattr_handlers__', '__pydantic_validator__', '__reduce__', '__reduce_ex__', '__replace__', '__repr__', '__repr_args__', '__repr_name__', '__repr_recursion__', '__repr_str__', '__rich_repr__', '__setattr__', '__setstate__', '__signature__', '__sizeof__', '__slots__', '__str__', '__subclasshook__', '__weakref__', '_abc_impl', '_calculate_keys', '_copy_and_set_values', '_get_value', '_iter', '_setattr_handler', 'construct', 'copy', 'dict', 'from_orm', 'greeks', 'implied_volatility', 'json', 'latest_quote', 'latest_trade', 'model_computed_fields', 'model_config', 'model_construct', 'model_copy', 'model_dump', 'model_dump_json', 'model_extra', 'model_fields', 'model_fields_set', 'model_json_schema', 'model_parametrized_name', 'model_post_init', 'model_rebuild', 'model_validate', 'model_validate_json', 'model_validate_strings', 'parse_file', 'parse_obj', 'parse_raw', 'schema', 'schema_json', 'symbol', 'update_forward_refs', 'validate']
2026-09-03 16:31:48,353 INFO [agent] Latest quote for OIH260918C00465000: symbol='OIH260918C00465000' timestamp=datetime.datetime(2026, 9, 3, 13, 31, 46, 772934, tzinfo=TzInfo(0)) bid_price=0.27 bid_size=21.0 bid_exchange='J' ask_price=4.08 ask_size=15.0 ask_exchange='C' conditions=' ' tape=None
2026-09-03 16:31:48,353 INFO [agent] Created quote for OIH260918C00465000: bid=0.27, ask=4.08
2026-09-03 16:31:48,353 INFO [agent] Implied volatility for OIH260918C00465000: 0.2949
2026-09-03 16:31:48,353 INFO [agent] Greeks for OIH260918C00465000: delta=0.162 gamma=0.0094 rho=0.0282 theta=-0.2204 vega=0.2173
2026-09-03 16:31:48,353 INFO [agent] Created greeks for OIH260918C00465000: delta=0.162, gamma=0.0094
2026-09-03 16:31:48,353 INFO [agent] Returning snapshot for OIH260918C00465000: quote=True
2026-09-03 16:31:48,353 INFO [agent] Getting option snapshot for OIH260918C00470000
2026-09-03 16:31:48,683 INFO [agent] Received snapshot response for OIH260918C00470000: <class 'dict'>
2026-09-03 16:31:48,683 INFO [agent] Raw snapshot for OIH260918C00470000: <class 'alpaca.data.models.snapshots.OptionsSnapshot'> - ['__abstractmethods__', '__annotations__', '__class__', '__class_getitem__', '__class_vars__', '__copy__', '__deepcopy__', '__delattr__', '__dict__', '__dir__', '__doc__', '__eq__', '__fields__', '__fields_set__', '__format__', '__ge__', '__get_pydantic_core_schema__', '__get_pydantic_json_schema__', '__getattr__', '__getattribute__', '__getstate__', '__gt__', '__hash__', '__init__', '__init_subclass__', '__iter__', '__le__', '__lt__', '__module__', '__ne__', '__new__', '__pretty__', '__private_attributes__', '__pydantic_complete__', '__pydantic_computed_fields__', '__pydantic_core_schema__', '__pydantic_custom_init__', '__pydantic_decorators__', '__pydantic_extra__', '__pydantic_extra_info__', '__pydantic_fields__', '__pydantic_fields_set__', '__pydantic_generic_metadata__', '__pydantic_init_subclass__', '__pydantic_on_complete__', '__pydantic_parent_namespace__', '__pydantic_post_init__', '__pydantic_private__', '__pydantic_root_model__', '__pydantic_serializer__', '__pydantic_setattr_handlers__', '__pydantic_validator__', '__reduce__', '__reduce_ex__', '__replace__', '__repr__', '__repr_args__', '__repr_name__', '__repr_recursion__', '__repr_str__', '__rich_repr__', '__setattr__', '__setstate__', '__signature__', '__sizeof__', '__slots__', '__str__', '__subclasshook__', '__weakref__', '_abc_impl', '_calculate_keys', '_copy_and_set_values', '_get_value', '_iter', '_setattr_handler', 'construct', 'copy', 'dict', 'from_orm', 'greeks', 'implied_volatility', 'json', 'latest_quote', 'latest_trade', 'model_computed_fields', 'model_config', 'model_construct', 'model_copy', 'model_dump', 'model_dump_json', 'model_extra', 'model_fields', 'model_fields_set', 'model_json_schema', 'model_parametrized_name', 'model_post_init', 'model_rebuild', 'model_validate', 'model_validate_json', 'model_validate_strings', 'parse_file', 'parse_obj', 'parse_raw', 'schema', 'schema_json', 'symbol', 'update_forward_refs', 'validate']
2026-09-03 16:31:48,683 INFO [agent] Latest quote for OIH260918C00470000: symbol='OIH260918C00470000' timestamp=datetime.datetime(2026, 9, 3, 13, 31, 20, 227517, tzinfo=TzInfo(0)) bid_price=0.12 bid_size=3.0 bid_exchange='S' ask_price=3.57 ask_size=10.0 ask_exchange='C' conditions='A' tape=None
2026-09-03 16:31:48,683 INFO [agent] Created quote for OIH260918C00470000: bid=0.12, ask=3.57
2026-09-03 16:31:48,683 INFO [agent] Implied volatility for OIH260918C00470000: 0.3116
2026-09-03 16:31:48,683 INFO [agent] Greeks for OIH260918C00470000: delta=0.1358 gamma=0.0079 rho=0.0236 theta=-0.2063 vega=0.1931
2026-09-03 16:31:48,683 INFO [agent] Created greeks for OIH260918C00470000: delta=0.1358, gamma=0.0079
2026-09-03 16:31:48,683 INFO [agent] Returning snapshot for OIH260918C00470000: quote=True
2026-09-03 16:31:48,683 INFO [agent] Getting option snapshot for OIH260918C00475000
2026-09-03 16:31:49,041 INFO [agent] Received snapshot response for OIH260918C00475000: <class 'dict'>
2026-09-03 16:31:49,041 INFO [agent] Raw snapshot for OIH260918C00475000: <class 'alpaca.data.models.snapshots.OptionsSnapshot'> - ['__abstractmethods__', '__annotations__', '__class__', '__class_getitem__', '__class_vars__', '__copy__', '__deepcopy__', '__delattr__', '__dict__', '__dir__', '__doc__', '__eq__', '__fields__', '__fields_set__', '__format__', '__ge__', '__get_pydantic_core_schema__', '__get_pydantic_json_schema__', '__getattr__', '__getattribute__', '__getstate__', '__gt__', '__hash__', '__init__', '__init_subclass__', '__iter__', '__le__', '__lt__', '__module__', '__ne__', '__new__', '__pretty__', '__private_attributes__', '__pydantic_complete__', '__pydantic_computed_fields__', '__pydantic_core_schema__', '__pydantic_custom_init__', '__pydantic_decorators__', '__pydantic_extra__', '__pydantic_extra_info__', '__pydantic_fields__', '__pydantic_fields_set__', '__pydantic_generic_metadata__', '__pydantic_init_subclass__', '__pydantic_on_complete__', '__pydantic_parent_namespace__', '__pydantic_post_init__', '__pydantic_private__', '__pydantic_root_model__', '__pydantic_serializer__', '__pydantic_setattr_handlers__', '__pydantic_validator__', '__reduce__', '__reduce_ex__', '__replace__', '__repr__', '__repr_args__', '__repr_name__', '__repr_recursion__', '__repr_str__', '__rich_repr__', '__setattr__', '__setstate__', '__signature__', '__sizeof__', '__slots__', '__str__', '__subclasshook__', '__weakref__', '_abc_impl', '_calculate_keys', '_copy_and_set_values', '_get_value', '_iter', '_setattr_handler', 'construct', 'copy', 'dict', 'from_orm', 'greeks', 'implied_volatility', 'json', 'latest_quote', 'latest_trade', 'model_computed_fields', 'model_config', 'model_construct', 'model_copy', 'model_dump', 'model_dump_json', 'model_extra', 'model_fields', 'model_fields_set', 'model_json_schema', 'model_parametrized_name', 'model_post_init', 'model_rebuild', 'model_validate', 'model_validate_json', 'model_validate_strings', 'parse_file', 'parse_obj', 'parse_raw', 'schema', 'schema_json', 'symbol', 'update_forward_refs', 'validate']
2026-09-03 16:31:49,041 INFO [agent] Latest quote for OIH260918C00475000: symbol='OIH260918C00475000' timestamp=datetime.datetime(2026, 9, 3, 13, 31, 20, 920330, tzinfo=TzInfo(0)) bid_price=0.17 bid_size=7.0 bid_exchange='C' ask_price=3.35 ask_size=9.0 ask_exchange='S' conditions=' ' tape=None
2026-09-03 16:31:49,042 INFO [agent] Created quote for OIH260918C00475000: bid=0.17, ask=3.35
2026-09-03 16:31:49,042 INFO [agent] Implied volatility for OIH260918C00475000: 0.338
2026-09-03 16:31:49,042 INFO [agent] Greeks for OIH260918C00475000: delta=0.1225 gamma=0.0068 rho=0.0213 theta=-0.2077 vega=0.1797
2026-09-03 16:31:49,042 INFO [agent] Created greeks for OIH260918C00475000: delta=0.1225, gamma=0.0068
2026-09-03 16:31:49,042 INFO [agent] Returning snapshot for OIH260918C00475000: quote=True
2026-09-03 16:31:49,042 INFO [agent] Getting option snapshot for OIH260918C00480000
2026-09-03 16:31:49,425 INFO [agent] Received snapshot response for OIH260918C00480000: <class 'dict'>
2026-09-03 16:31:49,426 INFO [agent] Raw snapshot for OIH260918C00480000: <class 'alpaca.data.models.snapshots.OptionsSnapshot'> - ['__abstractmethods__', '__annotations__', '__class__', '__class_getitem__', '__class_vars__', '__copy__', '__deepcopy__', '__delattr__', '__dict__', '__dir__', '__doc__', '__eq__', '__fields__', '__fields_set__', '__format__', '__ge__', '__get_pydantic_core_schema__', '__get_pydantic_json_schema__', '__getattr__', '__getattribute__', '__getstate__', '__gt__', '__hash__', '__init__', '__init_subclass__', '__iter__', '__le__', '__lt__', '__module__', '__ne__', '__new__', '__pretty__', '__private_attributes__', '__pydantic_complete__', '__pydantic_computed_fields__', '__pydantic_core_schema__', '__pydantic_custom_init__', '__pydantic_decorators__', '__pydantic_extra__', '__pydantic_extra_info__', '__pydantic_fields__', '__pydantic_fields_set__', '__pydantic_generic_metadata__', '__pydantic_init_subclass__', '__pydantic_on_complete__', '__pydantic_parent_namespace__', '__pydantic_post_init__', '__pydantic_private__', '__pydantic_root_model__', '__pydantic_serializer__', '__pydantic_setattr_handlers__', '__pydantic_validator__', '__reduce__', '__reduce_ex__', '__replace__', '__repr__', '__repr_args__', '__repr_name__', '__repr_recursion__', '__repr_str__', '__rich_repr__', '__setattr__', '__setstate__', '__signature__', '__sizeof__', '__slots__', '__str__', '__subclasshook__', '__weakref__', '_abc_impl', '_calculate_keys', '_copy_and_set_values', '_get_value', '_iter', '_setattr_handler', 'construct', 'copy', 'dict', 'from_orm', 'greeks', 'implied_volatility', 'json', 'latest_quote', 'latest_trade', 'model_computed_fields', 'model_config', 'model_construct', 'model_copy', 'model_dump', 'model_dump_json', 'model_extra', 'model_fields', 'model_fields_set', 'model_json_schema', 'model_parametrized_name', 'model_post_init', 'model_rebuild', 'model_validate', 'model_validate_json', 'model_validate_strings', 'parse_file', 'parse_obj', 'parse_raw', 'schema', 'schema_json', 'symbol', 'update_forward_refs', 'validate']
2026-09-03 16:31:49,426 INFO [agent] Latest quote for OIH260918C00480000: symbol='OIH260918C00480000' timestamp=datetime.datetime(2026, 9, 3, 13, 31, 20, 920546, tzinfo=TzInfo(0)) bid_price=0.08 bid_size=7.0 bid_exchange='B' ask_price=1.92 ask_size=9.0 ask_exchange='S' conditions=' ' tape=None
2026-09-03 16:31:49,426 INFO [agent] Created quote for OIH260918C00480000: bid=0.08, ask=1.92
2026-09-03 16:31:49,426 INFO [agent] Implied volatility for OIH260918C00480000: 0.3179
2026-09-03 16:31:49,427 INFO [agent] Greeks for OIH260918C00480000: delta=0.0803 gamma=0.0053 rho=0.014 theta=-0.1434 vega=0.1321
2026-09-03 16:31:49,427 INFO [agent] Created greeks for OIH260918C00480000: delta=0.0803, gamma=0.0053
2026-09-03 16:31:49,427 INFO [agent] Returning snapshot for OIH260918C00480000: quote=True
2026-09-03 16:31:49,427 INFO [agent] Getting option snapshot for OIH261016C00395000
2026-09-03 16:31:49,779 INFO [agent] Received snapshot response for OIH261016C00395000: <class 'dict'>
2026-09-03 16:31:49,779 INFO [agent] Raw snapshot for OIH261016C00395000: <class 'alpaca.data.models.snapshots.OptionsSnapshot'> - ['__abstractmethods__', '__annotations__', '__class__', '__class_getitem__', '__class_vars__', '__copy__', '__deepcopy__', '__delattr__', '__dict__', '__dir__', '__doc__', '__eq__', '__fields__', '__fields_set__', '__format__', '__ge__', '__get_pydantic_core_schema__', '__get_pydantic_json_schema__', '__getattr__', '__getattribute__', '__getstate__', '__gt__', '__hash__', '__init__', '__init_subclass__', '__iter__', '__le__', '__lt__', '__module__', '__ne__', '__new__', '__pretty__', '__private_attributes__', '__pydantic_complete__', '__pydantic_computed_fields__', '__pydantic_core_schema__', '__pydantic_custom_init__', '__pydantic_decorators__', '__pydantic_extra__', '__pydantic_extra_info__', '__pydantic_fields__', '__pydantic_fields_set__', '__pydantic_generic_metadata__', '__pydantic_init_subclass__', '__pydantic_on_complete__', '__pydantic_parent_namespace__', '__pydantic_post_init__', '__pydantic_private__', '__pydantic_root_model__', '__pydantic_serializer__', '__pydantic_setattr_handlers__', '__pydantic_validator__', '__reduce__', '__reduce_ex__', '__replace__', '__repr__', '__repr_args__', '__repr_name__', '__repr_recursion__', '__repr_str__', '__rich_repr__', '__setattr__', '__setstate__', '__signature__', '__sizeof__', '__slots__', '__str__', '__subclasshook__', '__weakref__', '_abc_impl', '_calculate_keys', '_copy_and_set_values', '_get_value', '_iter', '_setattr_handler', 'construct', 'copy', 'dict', 'from_orm', 'greeks', 'implied_volatility', 'json', 'latest_quote', 'latest_trade', 'model_computed_fields', 'model_config', 'model_construct', 'model_copy', 'model_dump', 'model_dump_json', 'model_extra', 'model_fields', 'model_fields_set', 'model_json_schema', 'model_parametrized_name', 'model_post_init', 'model_rebuild', 'model_validate', 'model_validate_json', 'model_validate_strings', 'parse_file', 'parse_obj', 'parse_raw', 'schema', 'schema_json', 'symbol', 'update_forward_refs', 'validate']
2026-09-03 16:31:49,779 INFO [agent] Latest quote for OIH261016C00395000: symbol='OIH261016C00395000' timestamp=datetime.datetime(2026, 9, 3, 13, 31, 41, 319204, tzinfo=TzInfo(0)) bid_price=45.93 bid_size=3.0 bid_exchange='M' ask_price=50.44 ask_size=1.0 ask_exchange='N' conditions='A' tape=None
2026-09-03 16:31:49,779 INFO [agent] Created quote for OIH261016C00395000: bid=45.93, ask=50.44
2026-09-03 16:31:49,779 INFO [agent] Implied volatility for OIH261016C00395000: 0.3312
2026-09-03 16:31:49,779 INFO [agent] Greeks for OIH261016C00395000: delta=0.8373 gamma=0.005 rho=0.3742 theta=-0.1747 vega=0.3689
2026-09-03 16:31:49,779 INFO [agent] Created greeks for OIH261016C00395000: delta=0.8373, gamma=0.005
2026-09-03 16:31:49,779 INFO [agent] Returning snapshot for OIH261016C00395000: quote=True
2026-09-03 16:31:49,779 INFO [agent] Getting option snapshot for OIH261016C00400000
2026-09-03 16:31:50,096 INFO [agent] Received snapshot response for OIH261016C00400000: <class 'dict'>
2026-09-03 16:31:50,097 INFO [agent] Raw snapshot for OIH261016C00400000: <class 'alpaca.data.models.snapshots.OptionsSnapshot'> - ['__abstractmethods__', '__annotations__', '__class__', '__class_getitem__', '__class_vars__', '__copy__', '__deepcopy__', '__delattr__', '__dict__', '__dir__', '__doc__', '__eq__', '__fields__', '__fields_set__', '__format__', '__ge__', '__get_pydantic_core_schema__', '__get_pydantic_json_schema__', '__getattr__', '__getattribute__', '__getstate__', '__gt__', '__hash__', '__init__', '__init_subclass__', '__iter__', '__le__', '__lt__', '__module__', '__ne__', '__new__', '__pretty__', '__private_attributes__', '__pydantic_complete__', '__pydantic_computed_fields__', '__pydantic_core_schema__', '__pydantic_custom_init__', '__pydantic_decorators__', '__pydantic_extra__', '__pydantic_extra_info__', '__pydantic_fields__', '__pydantic_fields_set__', '__pydantic_generic_metadata__', '__pydantic_init_subclass__', '__pydantic_on_complete__', '__pydantic_parent_namespace__', '__pydantic_post_init__', '__pydantic_private__', '__pydantic_root_model__', '__pydantic_serializer__', '__pydantic_setattr_handlers__', '__pydantic_validator__', '__reduce__', '__reduce_ex__', '__replace__', '__repr__', '__repr_args__', '__repr_name__', '__repr_recursion__', '__repr_str__', '__rich_repr__', '__setattr__', '__setstate__', '__signature__', '__sizeof__', '__slots__', '__str__', '__subclasshook__', '__weakref__', '_abc_impl', '_calculate_keys', '_copy_and_set_values', '_get_value', '_iter', '_setattr_handler', 'construct', 'copy', 'dict', 'from_orm', 'greeks', 'implied_volatility', 'json', 'latest_quote', 'latest_trade', 'model_computed_fields', 'model_config', 'model_construct', 'model_copy', 'model_dump', 'model_dump_json', 'model_extra', 'model_fields', 'model_fields_set', 'model_json_schema', 'model_parametrized_name', 'model_post_init', 'model_rebuild', 'model_validate', 'model_validate_json', 'model_validate_strings', 'parse_file', 'parse_obj', 'parse_raw', 'schema', 'schema_json', 'symbol', 'update_forward_refs', 'validate']
2026-09-03 16:31:50,097 INFO [agent] Latest quote for OIH261016C00400000: symbol='OIH261016C00400000' timestamp=datetime.datetime(2026, 9, 3, 13, 31, 46, 775260, tzinfo=TzInfo(0)) bid_price=42.6 bid_size=14.0 bid_exchange='J' ask_price=45.16 ask_size=9.0 ask_exchange='C' conditions=' ' tape=None
2026-09-03 16:31:50,097 INFO [agent] Created quote for OIH261016C00400000: bid=42.6, ask=45.16
2026-09-03 16:31:50,097 INFO [agent] Implied volatility for OIH261016C00400000: 0.3223
2026-09-03 16:31:50,097 INFO [agent] Greeks for OIH261016C00400000: delta=0.8143 gamma=0.0055 rho=0.3675 theta=-0.1824 vega=0.4013
2026-09-03 16:31:50,097 INFO [agent] Created greeks for OIH261016C00400000: delta=0.8143, gamma=0.0055
2026-09-03 16:31:50,097 INFO [agent] Returning snapshot for OIH261016C00400000: quote=True
2026-09-03 16:31:50,097 INFO [agent] Getting option snapshot for OIH261016C00405000
2026-09-03 16:31:50,430 INFO [agent] Received snapshot response for OIH261016C00405000: <class 'dict'>
2026-09-03 16:31:50,430 INFO [agent] Raw snapshot for OIH261016C00405000: <class 'alpaca.data.models.snapshots.OptionsSnapshot'> - ['__abstractmethods__', '__annotations__', '__class__', '__class_getitem__', '__class_vars__', '__copy__', '__deepcopy__', '__delattr__', '__dict__', '__dir__', '__doc__', '__eq__', '__fields__', '__fields_set__', '__format__', '__ge__', '__get_pydantic_core_schema__', '__get_pydantic_json_schema__', '__getattr__', '__getattribute__', '__getstate__', '__gt__', '__hash__', '__init__', '__init_subclass__', '__iter__', '__le__', '__lt__', '__module__', '__ne__', '__new__', '__pretty__', '__private_attributes__', '__pydantic_complete__', '__pydantic_computed_fields__', '__pydantic_core_schema__', '__pydantic_custom_init__', '__pydantic_decorators__', '__pydantic_extra__', '__pydantic_extra_info__', '__pydantic_fields__', '__pydantic_fields_set__', '__pydantic_generic_metadata__', '__pydantic_init_subclass__', '__pydantic_on_complete__', '__pydantic_parent_namespace__', '__pydantic_post_init__', '__pydantic_private__', '__pydantic_root_model__', '__pydantic_serializer__', '__pydantic_setattr_handlers__', '__pydantic_validator__', '__reduce__', '__reduce_ex__', '__replace__', '__repr__', '__repr_args__', '__repr_name__', '__repr_recursion__', '__repr_str__', '__rich_repr__', '__setattr__', '__setstate__', '__signature__', '__sizeof__', '__slots__', '__str__', '__subclasshook__', '__weakref__', '_abc_impl', '_calculate_keys', '_copy_and_set_values', '_get_value', '_iter', '_setattr_handler', 'construct', 'copy', 'dict', 'from_orm', 'greeks', 'implied_volatility', 'json', 'latest_quote', 'latest_trade', 'model_computed_fields', 'model_config', 'model_construct', 'model_copy', 'model_dump', 'model_dump_json', 'model_extra', 'model_fields', 'model_fields_set', 'model_json_schema', 'model_parametrized_name', 'model_post_init', 'model_rebuild', 'model_validate', 'model_validate_json', 'model_validate_strings', 'parse_file', 'parse_obj', 'parse_raw', 'schema', 'schema_json', 'symbol', 'update_forward_refs', 'validate']
2026-09-03 16:31:50,430 INFO [agent] Latest quote for OIH261016C00405000: symbol='OIH261016C00405000' timestamp=datetime.datetime(2026, 9, 3, 13, 31, 39, 496444, tzinfo=TzInfo(0)) bid_price=37.49 bid_size=1.0 bid_exchange='A' ask_price=42.78 ask_size=5.0 ask_exchange='A' conditions=' ' tape=None
2026-09-03 16:31:50,430 INFO [agent] Created quote for OIH261016C00405000: bid=37.49, ask=42.78
2026-09-03 16:31:50,430 INFO [agent] Implied volatility for OIH261016C00405000: 0.3238
2026-09-03 16:31:50,430 INFO [agent] Greeks for OIH261016C00405000: delta=0.7818 gamma=0.0061 rho=0.3552 theta=-0.1974 vega=0.442
2026-09-03 16:31:50,430 INFO [agent] Created greeks for OIH261016C00405000: delta=0.7818, gamma=0.0061
2026-09-03 16:31:50,430 INFO [agent] Returning snapshot for OIH261016C00405000: quote=True
2026-09-03 16:31:50,430 INFO [agent] Getting option snapshot for OIH261016C00410000
2026-09-03 16:31:50,829 INFO [agent] Received snapshot response for OIH261016C00410000: <class 'dict'>
2026-09-03 16:31:50,829 INFO [agent] Raw snapshot for OIH261016C00410000: <class 'alpaca.data.models.snapshots.OptionsSnapshot'> - ['__abstractmethods__', '__annotations__', '__class__', '__class_getitem__', '__class_vars__', '__copy__', '__deepcopy__', '__delattr__', '__dict__', '__dir__', '__doc__', '__eq__', '__fields__', '__fields_set__', '__format__', '__ge__', '__get_pydantic_core_schema__', '__get_pydantic_json_schema__', '__getattr__', '__getattribute__', '__getstate__', '__gt__', '__hash__', '__init__', '__init_subclass__', '__iter__', '__le__', '__lt__', '__module__', '__ne__', '__new__', '__pretty__', '__private_attributes__', '__pydantic_complete__', '__pydantic_computed_fields__', '__pydantic_core_schema__', '__pydantic_custom_init__', '__pydantic_decorators__', '__pydantic_extra__', '__pydantic_extra_info__', '__pydantic_fields__', '__pydantic_fields_set__', '__pydantic_generic_metadata__', '__pydantic_init_subclass__', '__pydantic_on_complete__', '__pydantic_parent_namespace__', '__pydantic_post_init__', '__pydantic_private__', '__pydantic_root_model__', '__pydantic_serializer__', '__pydantic_setattr_handlers__', '__pydantic_validator__', '__reduce__', '__reduce_ex__', '__replace__', '__repr__', '__repr_args__', '__repr_name__', '__repr_recursion__', '__repr_str__', '__rich_repr__', '__setattr__', '__setstate__', '__signature__', '__sizeof__', '__slots__', '__str__', '__subclasshook__', '__weakref__', '_abc_impl', '_calculate_keys', '_copy_and_set_values', '_get_value', '_iter', '_setattr_handler', 'construct', 'copy', 'dict', 'from_orm', 'greeks', 'implied_volatility', 'json', 'latest_quote', 'latest_trade', 'model_computed_fields', 'model_config', 'model_construct', 'model_copy', 'model_dump', 'model_dump_json', 'model_extra', 'model_fields', 'model_fields_set', 'model_json_schema', 'model_parametrized_name', 'model_post_init', 'model_rebuild', 'model_validate', 'model_validate_json', 'model_validate_strings', 'parse_file', 'parse_obj', 'parse_raw', 'schema', 'schema_json', 'symbol', 'update_forward_refs', 'validate']
2026-09-03 16:31:50,829 INFO [agent] Latest quote for OIH261016C00410000: symbol='OIH261016C00410000' timestamp=datetime.datetime(2026, 9, 3, 13, 31, 46, 453831, tzinfo=TzInfo(0)) bid_price=34.49 bid_size=7.0 bid_exchange='I' ask_price=38.53 ask_size=7.0 ask_exchange='A' conditions=' ' tape=None
2026-09-03 16:31:50,830 INFO [agent] Created quote for OIH261016C00410000: bid=34.49, ask=38.53
2026-09-03 16:31:50,830 INFO [agent] Implied volatility for OIH261016C00410000: 0.324
2026-09-03 16:31:50,830 INFO [agent] Greeks for OIH261016C00410000: delta=0.7478 gamma=0.0066 rho=0.3419 theta=-0.2102 vega=0.4788
2026-09-03 16:31:50,830 INFO [agent] Created greeks for OIH261016C00410000: delta=0.7478, gamma=0.0066
2026-09-03 16:31:50,830 INFO [agent] Returning snapshot for OIH261016C00410000: quote=True
2026-09-03 16:31:50,830 INFO [agent] Getting option snapshot for OIH261016C00415000
2026-09-03 16:31:51,225 INFO [agent] Received snapshot response for OIH261016C00415000: <class 'dict'>
2026-09-03 16:31:51,225 INFO [agent] Raw snapshot for OIH261016C00415000: <class 'alpaca.data.models.snapshots.OptionsSnapshot'> - ['__abstractmethods__', '__annotations__', '__class__', '__class_getitem__', '__class_vars__', '__copy__', '__deepcopy__', '__delattr__', '__dict__', '__dir__', '__doc__', '__eq__', '__fields__', '__fields_set__', '__format__', '__ge__', '__get_pydantic_core_schema__', '__get_pydantic_json_schema__', '__getattr__', '__getattribute__', '__getstate__', '__gt__', '__hash__', '__init__', '__init_subclass__', '__iter__', '__le__', '__lt__', '__module__', '__ne__', '__new__', '__pretty__', '__private_attributes__', '__pydantic_complete__', '__pydantic_computed_fields__', '__pydantic_core_schema__', '__pydantic_custom_init__', '__pydantic_decorators__', '__pydantic_extra__', '__pydantic_extra_info__', '__pydantic_fields__', '__pydantic_fields_set__', '__pydantic_generic_metadata__', '__pydantic_init_subclass__', '__pydantic_on_complete__', '__pydantic_parent_namespace__', '__pydantic_post_init__', '__pydantic_private__', '__pydantic_root_model__', '__pydantic_serializer__', '__pydantic_setattr_handlers__', '__pydantic_validator__', '__reduce__', '__reduce_ex__', '__replace__', '__repr__', '__repr_args__', '__repr_name__', '__repr_recursion__', '__repr_str__', '__rich_repr__', '__setattr__', '__setstate__', '__signature__', '__sizeof__', '__slots__', '__str__', '__subclasshook__', '__weakref__', '_abc_impl', '_calculate_keys', '_copy_and_set_values', '_get_value', '_iter', '_setattr_handler', 'construct', 'copy', 'dict', 'from_orm', 'greeks', 'implied_volatility', 'json', 'latest_quote', 'latest_trade', 'model_computed_fields', 'model_config', 'model_construct', 'model_copy', 'model_dump', 'model_dump_json', 'model_extra', 'model_fields', 'model_fields_set', 'model_json_schema', 'model_parametrized_name', 'model_post_init', 'model_rebuild', 'model_validate', 'model_validate_json', 'model_validate_strings', 'parse_file', 'parse_obj', 'parse_raw', 'schema', 'schema_json', 'symbol', 'update_forward_refs', 'validate']
2026-09-03 16:31:51,225 INFO [agent] Latest quote for OIH261016C00415000: symbol='OIH261016C00415000' timestamp=datetime.datetime(2026, 9, 3, 13, 31, 43, 470816, tzinfo=TzInfo(0)) bid_price=31.27 bid_size=7.0 bid_exchange='A' ask_price=35.1 ask_size=6.0 ask_exchange='H' conditions=' ' tape=None
2026-09-03 16:31:51,225 INFO [agent] Created quote for OIH261016C00415000: bid=31.27, ask=35.1
2026-09-03 16:31:51,225 INFO [agent] Implied volatility for OIH261016C00415000: 0.3263
2026-09-03 16:31:51,227 INFO [agent] Greeks for OIH261016C00415000: delta=0.7107 gamma=0.007 rho=0.3267 theta=-0.2231 vega=0.5128
2026-09-03 16:31:51,227 INFO [agent] Created greeks for OIH261016C00415000: delta=0.7107, gamma=0.007
2026-09-03 16:31:51,227 INFO [agent] Returning snapshot for OIH261016C00415000: quote=True
2026-09-03 16:31:51,227 INFO [agent] Getting option snapshot for OIH261016C00420000
2026-09-03 16:31:51,560 INFO [agent] Received snapshot response for OIH261016C00420000: <class 'dict'>
2026-09-03 16:31:51,560 INFO [agent] Raw snapshot for OIH261016C00420000: <class 'alpaca.data.models.snapshots.OptionsSnapshot'> - ['__abstractmethods__', '__annotations__', '__class__', '__class_getitem__', '__class_vars__', '__copy__', '__deepcopy__', '__delattr__', '__dict__', '__dir__', '__doc__', '__eq__', '__fields__', '__fields_set__', '__format__', '__ge__', '__get_pydantic_core_schema__', '__get_pydantic_json_schema__', '__getattr__', '__getattribute__', '__getstate__', '__gt__', '__hash__', '__init__', '__init_subclass__', '__iter__', '__le__', '__lt__', '__module__', '__ne__', '__new__', '__pretty__', '__private_attributes__', '__pydantic_complete__', '__pydantic_computed_fields__', '__pydantic_core_schema__', '__pydantic_custom_init__', '__pydantic_decorators__', '__pydantic_extra__', '__pydantic_extra_info__', '__pydantic_fields__', '__pydantic_fields_set__', '__pydantic_generic_metadata__', '__pydantic_init_subclass__', '__pydantic_on_complete__', '__pydantic_parent_namespace__', '__pydantic_post_init__', '__pydantic_private__', '__pydantic_root_model__', '__pydantic_serializer__', '__pydantic_setattr_handlers__', '__pydantic_validator__', '__reduce__', '__reduce_ex__', '__replace__', '__repr__', '__repr_args__', '__repr_name__', '__repr_recursion__', '__repr_str__', '__rich_repr__', '__setattr__', '__setstate__', '__signature__', '__sizeof__', '__slots__', '__str__', '__subclasshook__', '__weakref__', '_abc_impl', '_calculate_keys', '_copy_and_set_values', '_get_value', '_iter', '_setattr_handler', 'construct', 'copy', 'dict', 'from_orm', 'greeks', 'implied_volatility', 'json', 'latest_quote', 'latest_trade', 'model_computed_fields', 'model_config', 'model_construct', 'model_copy', 'model_dump', 'model_dump_json', 'model_extra', 'model_fields', 'model_fields_set', 'model_json_schema', 'model_parametrized_name', 'model_post_init', 'model_rebuild', 'model_validate', 'model_validate_json', 'model_validate_strings', 'parse_file', 'parse_obj', 'parse_raw', 'schema', 'schema_json', 'symbol', 'update_forward_refs', 'validate']
2026-09-03 16:31:51,560 INFO [agent] Latest quote for OIH261016C00420000: symbol='OIH261016C00420000' timestamp=datetime.datetime(2026, 9, 3, 13, 31, 43, 471517, tzinfo=TzInfo(0)) bid_price=27.66 bid_size=8.0 bid_exchange='A' ask_price=31.52 ask_size=8.0 ask_exchange='S' conditions=' ' tape=None
2026-09-03 16:31:51,561 INFO [agent] Created quote for OIH261016C00420000: bid=27.66, ask=31.52
2026-09-03 16:31:51,561 INFO [agent] Implied volatility for OIH261016C00420000: 0.3198
2026-09-03 16:31:51,561 INFO [agent] Greeks for OIH261016C00420000: delta=0.6756 gamma=0.0075 rho=0.3129 theta=-0.2279 vega=0.5394
2026-09-03 16:31:51,561 INFO [agent] Created greeks for OIH261016C00420000: delta=0.6756, gamma=0.0075
2026-09-03 16:31:51,561 INFO [agent] Returning snapshot for OIH261016C00420000: quote=True
2026-09-03 16:31:51,561 INFO [agent] Getting option snapshot for OIH261016C00425000
2026-09-03 16:31:51,919 INFO [agent] Received snapshot response for OIH261016C00425000: <class 'dict'>
2026-09-03 16:31:51,920 INFO [agent] Raw snapshot for OIH261016C00425000: <class 'alpaca.data.models.snapshots.OptionsSnapshot'> - ['__abstractmethods__', '__annotations__', '__class__', '__class_getitem__', '__class_vars__', '__copy__', '__deepcopy__', '__delattr__', '__dict__', '__dir__', '__doc__', '__eq__', '__fields__', '__fields_set__', '__format__', '__ge__', '__get_pydantic_core_schema__', '__get_pydantic_json_schema__', '__getattr__', '__getattribute__', '__getstate__', '__gt__', '__hash__', '__init__', '__init_subclass__', '__iter__', '__le__', '__lt__', '__module__', '__ne__', '__new__', '__pretty__', '__private_attributes__', '__pydantic_complete__', '__pydantic_computed_fields__', '__pydantic_core_schema__', '__pydantic_custom_init__', '__pydantic_decorators__', '__pydantic_extra__', '__pydantic_extra_info__', '__pydantic_fields__', '__pydantic_fields_set__', '__pydantic_generic_metadata__', '__pydantic_init_subclass__', '__pydantic_on_complete__', '__pydantic_parent_namespace__', '__pydantic_post_init__', '__pydantic_private__', '__pydantic_root_model__', '__pydantic_serializer__', '__pydantic_setattr_handlers__', '__pydantic_validator__', '__reduce__', '__reduce_ex__', '__replace__', '__repr__', '__repr_args__', '__repr_name__', '__repr_recursion__', '__repr_str__', '__rich_repr__', '__setattr__', '__setstate__', '__signature__', '__sizeof__', '__slots__', '__str__', '__subclasshook__', '__weakref__', '_abc_impl', '_calculate_keys', '_copy_and_set_values', '_get_value', '_iter', '_setattr_handler', 'construct', 'copy', 'dict', 'from_orm', 'greeks', 'implied_volatility', 'json', 'latest_quote', 'latest_trade', 'model_computed_fields', 'model_config', 'model_construct', 'model_copy', 'model_dump', 'model_dump_json', 'model_extra', 'model_fields', 'model_fields_set', 'model_json_schema', 'model_parametrized_name', 'model_post_init', 'model_rebuild', 'model_validate', 'model_validate_json', 'model_validate_strings', 'parse_file', 'parse_obj', 'parse_raw', 'schema', 'schema_json', 'symbol', 'update_forward_refs', 'validate']
2026-09-03 16:31:51,920 INFO [agent] Latest quote for OIH261016C00425000: symbol='OIH261016C00425000' timestamp=datetime.datetime(2026, 9, 3, 13, 31, 37, 64370, tzinfo=TzInfo(0)) bid_price=24.8 bid_size=1.0 bid_exchange='I' ask_price=28.64 ask_size=4.0 ask_exchange='J' conditions=' ' tape=None
2026-09-03 16:31:51,920 INFO [agent] Created quote for OIH261016C00425000: bid=24.8, ask=28.64
2026-09-03 16:31:51,920 INFO [agent] Implied volatility for OIH261016C00425000: 0.3232
2026-09-03 16:31:51,920 INFO [agent] Greeks for OIH261016C00425000: delta=0.635 gamma=0.0078 rho=0.2954 theta=-0.2376 vega=0.5637
2026-09-03 16:31:51,920 INFO [agent] Created greeks for OIH261016C00425000: delta=0.635, gamma=0.0078
2026-09-03 16:31:51,920 INFO [agent] Returning snapshot for OIH261016C00425000: quote=True
2026-09-03 16:31:51,920 INFO [agent] Getting option snapshot for OIH261016C00430000
2026-09-03 16:31:52,250 INFO [agent] Received snapshot response for OIH261016C00430000: <class 'dict'>
2026-09-03 16:31:52,250 INFO [agent] Raw snapshot for OIH261016C00430000: <class 'alpaca.data.models.snapshots.OptionsSnapshot'> - ['__abstractmethods__', '__annotations__', '__class__', '__class_getitem__', '__class_vars__', '__copy__', '__deepcopy__', '__delattr__', '__dict__', '__dir__', '__doc__', '__eq__', '__fields__', '__fields_set__', '__format__', '__ge__', '__get_pydantic_core_schema__', '__get_pydantic_json_schema__', '__getattr__', '__getattribute__', '__getstate__', '__gt__', '__hash__', '__init__', '__init_subclass__', '__iter__', '__le__', '__lt__', '__module__', '__ne__', '__new__', '__pretty__', '__private_attributes__', '__pydantic_complete__', '__pydantic_computed_fields__', '__pydantic_core_schema__', '__pydantic_custom_init__', '__pydantic_decorators__', '__pydantic_extra__', '__pydantic_extra_info__', '__pydantic_fields__', '__pydantic_fields_set__', '__pydantic_generic_metadata__', '__pydantic_init_subclass__', '__pydantic_on_complete__', '__pydantic_parent_namespace__', '__pydantic_post_init__', '__pydantic_private__', '__pydantic_root_model__', '__pydantic_serializer__', '__pydantic_setattr_handlers__', '__pydantic_validator__', '__reduce__', '__reduce_ex__', '__replace__', '__repr__', '__repr_args__', '__repr_name__', '__repr_recursion__', '__repr_str__', '__rich_repr__', '__setattr__', '__setstate__', '__signature__', '__sizeof__', '__slots__', '__str__', '__subclasshook__', '__weakref__', '_abc_impl', '_calculate_keys', '_copy_and_set_values', '_get_value', '_iter', '_setattr_handler', 'construct', 'copy', 'dict', 'from_orm', 'greeks', 'implied_volatility', 'json', 'latest_quote', 'latest_trade', 'model_computed_fields', 'model_config', 'model_construct', 'model_copy', 'model_dump', 'model_dump_json', 'model_extra', 'model_fields', 'model_fields_set', 'model_json_schema', 'model_parametrized_name', 'model_post_init', 'model_rebuild', 'model_validate', 'model_validate_json', 'model_validate_strings', 'parse_file', 'parse_obj', 'parse_raw', 'schema', 'schema_json', 'symbol', 'update_forward_refs', 'validate']
2026-09-03 16:31:52,250 INFO [agent] Latest quote for OIH261016C00430000: symbol='OIH261016C00430000' timestamp=datetime.datetime(2026, 9, 3, 13, 31, 38, 194682, tzinfo=TzInfo(0)) bid_price=22.01 bid_size=8.0 bid_exchange='C' ask_price=25.54 ask_size=7.0 ask_exchange='A' conditions='A' tape=None
2026-09-03 16:31:52,250 INFO [agent] Created quote for OIH261016C00430000: bid=22.01, ask=25.54
2026-09-03 16:31:52,250 INFO [agent] Implied volatility for OIH261016C00430000: 0.3215
2026-09-03 16:31:52,250 INFO [agent] Greeks for OIH261016C00430000: delta=0.595 gamma=0.008 rho=0.2783 theta=-0.2416 vega=0.5813
2026-09-03 16:31:52,250 INFO [agent] Created greeks for OIH261016C00430000: delta=0.595, gamma=0.008
2026-09-03 16:31:52,250 INFO [agent] Returning snapshot for OIH261016C00430000: quote=True
2026-09-03 16:31:52,250 INFO [agent] Getting option snapshot for OIH261016C00435000
2026-09-03 16:31:52,563 INFO [agent] Received snapshot response for OIH261016C00435000: <class 'dict'>
2026-09-03 16:31:52,563 INFO [agent] Raw snapshot for OIH261016C00435000: <class 'alpaca.data.models.snapshots.OptionsSnapshot'> - ['__abstractmethods__', '__annotations__', '__class__', '__class_getitem__', '__class_vars__', '__copy__', '__deepcopy__', '__delattr__', '__dict__', '__dir__', '__doc__', '__eq__', '__fields__', '__fields_set__', '__format__', '__ge__', '__get_pydantic_core_schema__', '__get_pydantic_json_schema__', '__getattr__', '__getattribute__', '__getstate__', '__gt__', '__hash__', '__init__', '__init_subclass__', '__iter__', '__le__', '__lt__', '__module__', '__ne__', '__new__', '__pretty__', '__private_attributes__', '__pydantic_complete__', '__pydantic_computed_fields__', '__pydantic_core_schema__', '__pydantic_custom_init__', '__pydantic_decorators__', '__pydantic_extra__', '__pydantic_extra_info__', '__pydantic_fields__', '__pydantic_fields_set__', '__pydantic_generic_metadata__', '__pydantic_init_subclass__', '__pydantic_on_complete__', '__pydantic_parent_namespace__', '__pydantic_post_init__', '__pydantic_private__', '__pydantic_root_model__', '__pydantic_serializer__', '__pydantic_setattr_handlers__', '__pydantic_validator__', '__reduce__', '__reduce_ex__', '__replace__', '__repr__', '__repr_args__', '__repr_name__', '__repr_recursion__', '__repr_str__', '__rich_repr__', '__setattr__', '__setstate__', '__signature__', '__sizeof__', '__slots__', '__str__', '__subclasshook__', '__weakref__', '_abc_impl', '_calculate_keys', '_copy_and_set_values', '_get_value', '_iter', '_setattr_handler', 'construct', 'copy', 'dict', 'from_orm', 'greeks', 'implied_volatility', 'json', 'latest_quote', 'latest_trade', 'model_computed_fields', 'model_config', 'model_construct', 'model_copy', 'model_dump', 'model_dump_json', 'model_extra', 'model_fields', 'model_fields_set', 'model_json_schema', 'model_parametrized_name', 'model_post_init', 'model_rebuild', 'model_validate', 'model_validate_json', 'model_validate_strings', 'parse_file', 'parse_obj', 'parse_raw', 'schema', 'schema_json', 'symbol', 'update_forward_refs', 'validate']
2026-09-03 16:31:52,563 INFO [agent] Latest quote for OIH261016C00435000: symbol='OIH261016C00435000' timestamp=datetime.datetime(2026, 9, 3, 13, 31, 37, 40798, tzinfo=TzInfo(0)) bid_price=18.89 bid_size=6.0 bid_exchange='A' ask_price=22.9 ask_size=13.0 ask_exchange='C' conditions='A' tape=None
2026-09-03 16:31:52,563 INFO [agent] Created quote for OIH261016C00435000: bid=18.89, ask=22.9
2026-09-03 16:31:52,563 INFO [agent] Implied volatility for OIH261016C00435000: 0.3175
2026-09-03 16:31:52,563 INFO [agent] Greeks for OIH261016C00435000: delta=0.5541 gamma=0.0083 rho=0.2606 theta=-0.2416 vega=0.5928
2026-09-03 16:31:52,565 INFO [agent] Created greeks for OIH261016C00435000: delta=0.5541, gamma=0.0083
2026-09-03 16:31:52,565 INFO [agent] Returning snapshot for OIH261016C00435000: quote=True
2026-09-03 16:31:52,565 INFO [agent] Getting option snapshot for OIH261016C00440000
2026-09-03 16:31:52,890 INFO [agent] Received snapshot response for OIH261016C00440000: <class 'dict'>
2026-09-03 16:31:52,890 INFO [agent] Raw snapshot for OIH261016C00440000: <class 'alpaca.data.models.snapshots.OptionsSnapshot'> - ['__abstractmethods__', '__annotations__', '__class__', '__class_getitem__', '__class_vars__', '__copy__', '__deepcopy__', '__delattr__', '__dict__', '__dir__', '__doc__', '__eq__', '__fields__', '__fields_set__', '__format__', '__ge__', '__get_pydantic_core_schema__', '__get_pydantic_json_schema__', '__getattr__', '__getattribute__', '__getstate__', '__gt__', '__hash__', '__init__', '__init_subclass__', '__iter__', '__le__', '__lt__', '__module__', '__ne__', '__new__', '__pretty__', '__private_attributes__', '__pydantic_complete__', '__pydantic_computed_fields__', '__pydantic_core_schema__', '__pydantic_custom_init__', '__pydantic_decorators__', '__pydantic_extra__', '__pydantic_extra_info__', '__pydantic_fields__', '__pydantic_fields_set__', '__pydantic_generic_metadata__', '__pydantic_init_subclass__', '__pydantic_on_complete__', '__pydantic_parent_namespace__', '__pydantic_post_init__', '__pydantic_private__', '__pydantic_root_model__', '__pydantic_serializer__', '__pydantic_setattr_handlers__', '__pydantic_validator__', '__reduce__', '__reduce_ex__', '__replace__', '__repr__', '__repr_args__', '__repr_name__', '__repr_recursion__', '__repr_str__', '__rich_repr__', '__setattr__', '__setstate__', '__signature__', '__sizeof__', '__slots__', '__str__', '__subclasshook__', '__weakref__', '_abc_impl', '_calculate_keys', '_copy_and_set_values', '_get_value', '_iter', '_setattr_handler', 'construct', 'copy', 'dict', 'from_orm', 'greeks', 'implied_volatility', 'json', 'latest_quote', 'latest_trade', 'model_computed_fields', 'model_config', 'model_construct', 'model_copy', 'model_dump', 'model_dump_json', 'model_extra', 'model_fields', 'model_fields_set', 'model_json_schema', 'model_parametrized_name', 'model_post_init', 'model_rebuild', 'model_validate', 'model_validate_json', 'model_validate_strings', 'parse_file', 'parse_obj', 'parse_raw', 'schema', 'schema_json', 'symbol', 'update_forward_refs', 'validate']
2026-09-03 16:31:52,890 INFO [agent] Latest quote for OIH261016C00440000: symbol='OIH261016C00440000' timestamp=datetime.datetime(2026, 9, 3, 13, 31, 46, 775104, tzinfo=TzInfo(0)) bid_price=16.01 bid_size=6.0 bid_exchange='H' ask_price=19.75 ask_size=20.0 ask_exchange='J' conditions=' ' tape=None
2026-09-03 16:31:52,890 INFO [agent] Created quote for OIH261016C00440000: bid=16.01, ask=19.75
2026-09-03 16:31:52,890 INFO [agent] Implied volatility for OIH261016C00440000: 0.3078
2026-09-03 16:31:52,890 INFO [agent] Greeks for OIH261016C00440000: delta=0.5114 gamma=0.0086 rho=0.2422 theta=-0.2352 vega=0.5981
2026-09-03 16:31:52,890 INFO [agent] Created greeks for OIH261016C00440000: delta=0.5114, gamma=0.0086
2026-09-03 16:31:52,890 INFO [agent] Returning snapshot for OIH261016C00440000: quote=True
2026-09-03 16:31:52,890 INFO [agent] Getting option snapshot for OIH261016C00445000
2026-09-03 16:31:53,208 INFO [agent] Received snapshot response for OIH261016C00445000: <class 'dict'>
2026-09-03 16:31:53,208 INFO [agent] Raw snapshot for OIH261016C00445000: <class 'alpaca.data.models.snapshots.OptionsSnapshot'> - ['__abstractmethods__', '__annotations__', '__class__', '__class_getitem__', '__class_vars__', '__copy__', '__deepcopy__', '__delattr__', '__dict__', '__dir__', '__doc__', '__eq__', '__fields__', '__fields_set__', '__format__', '__ge__', '__get_pydantic_core_schema__', '__get_pydantic_json_schema__', '__getattr__', '__getattribute__', '__getstate__', '__gt__', '__hash__', '__init__', '__init_subclass__', '__iter__', '__le__', '__lt__', '__module__', '__ne__', '__new__', '__pretty__', '__private_attributes__', '__pydantic_complete__', '__pydantic_computed_fields__', '__pydantic_core_schema__', '__pydantic_custom_init__', '__pydantic_decorators__', '__pydantic_extra__', '__pydantic_extra_info__', '__pydantic_fields__', '__pydantic_fields_set__', '__pydantic_generic_metadata__', '__pydantic_init_subclass__', '__pydantic_on_complete__', '__pydantic_parent_namespace__', '__pydantic_post_init__', '__pydantic_private__', '__pydantic_root_model__', '__pydantic_serializer__', '__pydantic_setattr_handlers__', '__pydantic_validator__', '__reduce__', '__reduce_ex__', '__replace__', '__repr__', '__repr_args__', '__repr_name__', '__repr_recursion__', '__repr_str__', '__rich_repr__', '__setattr__', '__setstate__', '__signature__', '__sizeof__', '__slots__', '__str__', '__subclasshook__', '__weakref__', '_abc_impl', '_calculate_keys', '_copy_and_set_values', '_get_value', '_iter', '_setattr_handler', 'construct', 'copy', 'dict', 'from_orm', 'greeks', 'implied_volatility', 'json', 'latest_quote', 'latest_trade', 'model_computed_fields', 'model_config', 'model_construct', 'model_copy', 'model_dump', 'model_dump_json', 'model_extra', 'model_fields', 'model_fields_set', 'model_json_schema', 'model_parametrized_name', 'model_post_init', 'model_rebuild', 'model_validate', 'model_validate_json', 'model_validate_strings', 'parse_file', 'parse_obj', 'parse_raw', 'schema', 'schema_json', 'symbol', 'update_forward_refs', 'validate']
2026-09-03 16:31:53,208 INFO [agent] Latest quote for OIH261016C00445000: symbol='OIH261016C00445000' timestamp=datetime.datetime(2026, 9, 3, 13, 31, 49, 780482, tzinfo=TzInfo(0)) bid_price=14.2 bid_size=6.0 bid_exchange='B' ask_price=17.83 ask_size=20.0 ask_exchange='J' conditions='A' tape=None
2026-09-03 16:31:53,208 INFO [agent] Created quote for OIH261016C00445000: bid=14.2, ask=17.83
2026-09-03 16:31:53,208 INFO [agent] Implied volatility for OIH261016C00445000: 0.314
2026-09-03 16:31:53,208 INFO [agent] Greeks for OIH261016C00445000: delta=0.4702 gamma=0.0084 rho=0.2232 theta=-0.2373 vega=0.5966
2026-09-03 16:31:53,208 INFO [agent] Created greeks for OIH261016C00445000: delta=0.4702, gamma=0.0084
2026-09-03 16:31:53,208 INFO [agent] Returning snapshot for OIH261016C00445000: quote=True
2026-09-03 16:31:53,209 INFO [agent] Getting option snapshot for OIH261016C00450000
2026-09-03 16:31:53,543 INFO [agent] Received snapshot response for OIH261016C00450000: <class 'dict'>
2026-09-03 16:31:53,543 INFO [agent] Raw snapshot for OIH261016C00450000: <class 'alpaca.data.models.snapshots.OptionsSnapshot'> - ['__abstractmethods__', '__annotations__', '__class__', '__class_getitem__', '__class_vars__', '__copy__', '__deepcopy__', '__delattr__', '__dict__', '__dir__', '__doc__', '__eq__', '__fields__', '__fields_set__', '__format__', '__ge__', '__get_pydantic_core_schema__', '__get_pydantic_json_schema__', '__getattr__', '__getattribute__', '__getstate__', '__gt__', '__hash__', '__init__', '__init_subclass__', '__iter__', '__le__', '__lt__', '__module__', '__ne__', '__new__', '__pretty__', '__private_attributes__', '__pydantic_complete__', '__pydantic_computed_fields__', '__pydantic_core_schema__', '__pydantic_custom_init__', '__pydantic_decorators__', '__pydantic_extra__', '__pydantic_extra_info__', '__pydantic_fields__', '__pydantic_fields_set__', '__pydantic_generic_metadata__', '__pydantic_init_subclass__', '__pydantic_on_complete__', '__pydantic_parent_namespace__', '__pydantic_post_init__', '__pydantic_private__', '__pydantic_root_model__', '__pydantic_serializer__', '__pydantic_setattr_handlers__', '__pydantic_validator__', '__reduce__', '__reduce_ex__', '__replace__', '__repr__', '__repr_args__', '__repr_name__', '__repr_recursion__', '__repr_str__', '__rich_repr__', '__setattr__', '__setstate__', '__signature__', '__sizeof__', '__slots__', '__str__', '__subclasshook__', '__weakref__', '_abc_impl', '_calculate_keys', '_copy_and_set_values', '_get_value', '_iter', '_setattr_handler', 'construct', 'copy', 'dict', 'from_orm', 'greeks', 'implied_volatility', 'json', 'latest_quote', 'latest_trade', 'model_computed_fields', 'model_config', 'model_construct', 'model_copy', 'model_dump', 'model_dump_json', 'model_extra', 'model_fields', 'model_fields_set', 'model_json_schema', 'model_parametrized_name', 'model_post_init', 'model_rebuild', 'model_validate', 'model_validate_json', 'model_validate_strings', 'parse_file', 'parse_obj', 'parse_raw', 'schema', 'schema_json', 'symbol', 'update_forward_refs', 'validate']
2026-09-03 16:31:53,543 INFO [agent] Latest quote for OIH261016C00450000: symbol='OIH261016C00450000' timestamp=datetime.datetime(2026, 9, 3, 13, 31, 38, 931525, tzinfo=TzInfo(0)) bid_price=11.93 bid_size=7.0 bid_exchange='H' ask_price=15.34 ask_size=22.0 ask_exchange='J' conditions='A' tape=None
2026-09-03 16:31:53,543 INFO [agent] Created quote for OIH261016C00450000: bid=11.93, ask=15.34
2026-09-03 16:31:53,543 INFO [agent] Implied volatility for OIH261016C00450000: 0.308
2026-09-03 16:31:53,543 INFO [agent] Greeks for OIH261016C00450000: delta=0.427 gamma=0.0085 rho=0.2038 theta=-0.2285 vega=0.5883
2026-09-03 16:31:53,543 INFO [agent] Created greeks for OIH261016C00450000: delta=0.427, gamma=0.0085
2026-09-03 16:31:53,543 INFO [agent] Returning snapshot for OIH261016C00450000: quote=True
2026-09-03 16:31:53,543 INFO [agent] Getting option snapshot for OIH261016C00455000
2026-09-03 16:31:53,869 INFO [agent] Received snapshot response for OIH261016C00455000: <class 'dict'>
2026-09-03 16:31:53,869 INFO [agent] Raw snapshot for OIH261016C00455000: <class 'alpaca.data.models.snapshots.OptionsSnapshot'> - ['__abstractmethods__', '__annotations__', '__class__', '__class_getitem__', '__class_vars__', '__copy__', '__deepcopy__', '__delattr__', '__dict__', '__dir__', '__doc__', '__eq__', '__fields__', '__fields_set__', '__format__', '__ge__', '__get_pydantic_core_schema__', '__get_pydantic_json_schema__', '__getattr__', '__getattribute__', '__getstate__', '__gt__', '__hash__', '__init__', '__init_subclass__', '__iter__', '__le__', '__lt__', '__module__', '__ne__', '__new__', '__pretty__', '__private_attributes__', '__pydantic_complete__', '__pydantic_computed_fields__', '__pydantic_core_schema__', '__pydantic_custom_init__', '__pydantic_decorators__', '__pydantic_extra__', '__pydantic_extra_info__', '__pydantic_fields__', '__pydantic_fields_set__', '__pydantic_generic_metadata__', '__pydantic_init_subclass__', '__pydantic_on_complete__', '__pydantic_parent_namespace__', '__pydantic_post_init__', '__pydantic_private__', '__pydantic_root_model__', '__pydantic_serializer__', '__pydantic_setattr_handlers__', '__pydantic_validator__', '__reduce__', '__reduce_ex__', '__replace__', '__repr__', '__repr_args__', '__repr_name__', '__repr_recursion__', '__repr_str__', '__rich_repr__', '__setattr__', '__setstate__', '__signature__', '__sizeof__', '__slots__', '__str__', '__subclasshook__', '__weakref__', '_abc_impl', '_calculate_keys', '_copy_and_set_values', '_get_value', '_iter', '_setattr_handler', 'construct', 'copy', 'dict', 'from_orm', 'greeks', 'implied_volatility', 'json', 'latest_quote', 'latest_trade', 'model_computed_fields', 'model_config', 'model_construct', 'model_copy', 'model_dump', 'model_dump_json', 'model_extra', 'model_fields', 'model_fields_set', 'model_json_schema', 'model_parametrized_name', 'model_post_init', 'model_rebuild', 'model_validate', 'model_validate_json', 'model_validate_strings', 'parse_file', 'parse_obj', 'parse_raw', 'schema', 'schema_json', 'symbol', 'update_forward_refs', 'validate']
2026-09-03 16:31:53,869 INFO [agent] Latest quote for OIH261016C00455000: symbol='OIH261016C00455000' timestamp=datetime.datetime(2026, 9, 3, 13, 31, 51, 432000, tzinfo=TzInfo(0)) bid_price=9.98 bid_size=7.0 bid_exchange='B' ask_price=13.78 ask_size=26.0 ask_exchange='J' conditions=' ' tape=None
2026-09-03 16:31:53,869 INFO [agent] Created quote for OIH261016C00455000: bid=9.98, ask=13.78
2026-09-03 16:31:53,869 INFO [agent] Implied volatility for OIH261016C00455000: 0.3092
2026-09-03 16:31:53,869 INFO [agent] Greeks for OIH261016C00455000: delta=0.3871 gamma=0.0083 rho=0.1853 theta=-0.2226 vega=0.5742
2026-09-03 16:31:53,869 INFO [agent] Created greeks for OIH261016C00455000: delta=0.3871, gamma=0.0083
2026-09-03 16:31:53,869 INFO [agent] Returning snapshot for OIH261016C00455000: quote=True
2026-09-03 16:31:53,869 INFO [agent] Getting option snapshot for OIH261016C00460000
2026-09-03 16:31:54,197 INFO [agent] Received snapshot response for OIH261016C00460000: <class 'dict'>
2026-09-03 16:31:54,197 INFO [agent] Raw snapshot for OIH261016C00460000: <class 'alpaca.data.models.snapshots.OptionsSnapshot'> - ['__abstractmethods__', '__annotations__', '__class__', '__class_getitem__', '__class_vars__', '__copy__', '__deepcopy__', '__delattr__', '__dict__', '__dir__', '__doc__', '__eq__', '__fields__', '__fields_set__', '__format__', '__ge__', '__get_pydantic_core_schema__', '__get_pydantic_json_schema__', '__getattr__', '__getattribute__', '__getstate__', '__gt__', '__hash__', '__init__', '__init_subclass__', '__iter__', '__le__', '__lt__', '__module__', '__ne__', '__new__', '__pretty__', '__private_attributes__', '__pydantic_complete__', '__pydantic_computed_fields__', '__pydantic_core_schema__', '__pydantic_custom_init__', '__pydantic_decorators__', '__pydantic_extra__', '__pydantic_extra_info__', '__pydantic_fields__', '__pydantic_fields_set__', '__pydantic_generic_metadata__', '__pydantic_init_subclass__', '__pydantic_on_complete__', '__pydantic_parent_namespace__', '__pydantic_post_init__', '__pydantic_private__', '__pydantic_root_model__', '__pydantic_serializer__', '__pydantic_setattr_handlers__', '__pydantic_validator__', '__reduce__', '__reduce_ex__', '__replace__', '__repr__', '__repr_args__', '__repr_name__', '__repr_recursion__', '__repr_str__', '__rich_repr__', '__setattr__', '__setstate__', '__signature__', '__sizeof__', '__slots__', '__str__', '__subclasshook__', '__weakref__', '_abc_impl', '_calculate_keys', '_copy_and_set_values', '_get_value', '_iter', '_setattr_handler', 'construct', 'copy', 'dict', 'from_orm', 'greeks', 'implied_volatility', 'json', 'latest_quote', 'latest_trade', 'model_computed_fields', 'model_config', 'model_construct', 'model_copy', 'model_dump', 'model_dump_json', 'model_extra', 'model_fields', 'model_fields_set', 'model_json_schema', 'model_parametrized_name', 'model_post_init', 'model_rebuild', 'model_validate', 'model_validate_json', 'model_validate_strings', 'parse_file', 'parse_obj', 'parse_raw', 'schema', 'schema_json', 'symbol', 'update_forward_refs', 'validate']
2026-09-03 16:31:54,197 INFO [agent] Latest quote for OIH261016C00460000: symbol='OIH261016C00460000' timestamp=datetime.datetime(2026, 9, 3, 13, 31, 46, 777841, tzinfo=TzInfo(0)) bid_price=8.35 bid_size=7.0 bid_exchange='A' ask_price=11.98 ask_size=29.0 ask_exchange='J' conditions=' ' tape=None
2026-09-03 16:31:54,197 INFO [agent] Created quote for OIH261016C00460000: bid=8.35, ask=11.98
2026-09-03 16:31:54,197 INFO [agent] Implied volatility for OIH261016C00460000: 0.3077
2026-09-03 16:31:54,197 INFO [agent] Greeks for OIH261016C00460000: delta=0.3474 gamma=0.008 rho=0.1669 theta=-0.2128 vega=0.554
2026-09-03 16:31:54,197 INFO [agent] Created greeks for OIH261016C00460000: delta=0.3474, gamma=0.008
2026-09-03 16:31:54,197 INFO [agent] Returning snapshot for OIH261016C00460000: quote=True
2026-09-03 16:31:54,197 INFO [agent] Getting option snapshot for OIH261016C00465000
2026-09-03 16:31:54,555 INFO [agent] Received snapshot response for OIH261016C00465000: <class 'dict'>
2026-09-03 16:31:54,555 INFO [agent] Raw snapshot for OIH261016C00465000: <class 'alpaca.data.models.snapshots.OptionsSnapshot'> - ['__abstractmethods__', '__annotations__', '__class__', '__class_getitem__', '__class_vars__', '__copy__', '__deepcopy__', '__delattr__', '__dict__', '__dir__', '__doc__', '__eq__', '__fields__', '__fields_set__', '__format__', '__ge__', '__get_pydantic_core_schema__', '__get_pydantic_json_schema__', '__getattr__', '__getattribute__', '__getstate__', '__gt__', '__hash__', '__init__', '__init_subclass__', '__iter__', '__le__', '__lt__', '__module__', '__ne__', '__new__', '__pretty__', '__private_attributes__', '__pydantic_complete__', '__pydantic_computed_fields__', '__pydantic_core_schema__', '__pydantic_custom_init__', '__pydantic_decorators__', '__pydantic_extra__', '__pydantic_extra_info__', '__pydantic_fields__', '__pydantic_fields_set__', '__pydantic_generic_metadata__', '__pydantic_init_subclass__', '__pydantic_on_complete__', '__pydantic_parent_namespace__', '__pydantic_post_init__', '__pydantic_private__', '__pydantic_root_model__', '__pydantic_serializer__', '__pydantic_setattr_handlers__', '__pydantic_validator__', '__reduce__', '__reduce_ex__', '__replace__', '__repr__', '__repr_args__', '__repr_name__', '__repr_recursion__', '__repr_str__', '__rich_repr__', '__setattr__', '__setstate__', '__signature__', '__sizeof__', '__slots__', '__str__', '__subclasshook__', '__weakref__', '_abc_impl', '_calculate_keys', '_copy_and_set_values', '_get_value', '_iter', '_setattr_handler', 'construct', 'copy', 'dict', 'from_orm', 'greeks', 'implied_volatility', 'json', 'latest_quote', 'latest_trade', 'model_computed_fields', 'model_config', 'model_construct', 'model_copy', 'model_dump', 'model_dump_json', 'model_extra', 'model_fields', 'model_fields_set', 'model_json_schema', 'model_parametrized_name', 'model_post_init', 'model_rebuild', 'model_validate', 'model_validate_json', 'model_validate_strings', 'parse_file', 'parse_obj', 'parse_raw', 'schema', 'schema_json', 'symbol', 'update_forward_refs', 'validate']
2026-09-03 16:31:54,555 INFO [agent] Latest quote for OIH261016C00465000: symbol='OIH261016C00465000' timestamp=datetime.datetime(2026, 9, 3, 13, 31, 46, 776327, tzinfo=TzInfo(0)) bid_price=7.14 bid_size=6.0 bid_exchange='D' ask_price=10.22 ask_size=26.0 ask_exchange='J' conditions=' ' tape=None
2026-09-03 16:31:54,555 INFO [agent] Created quote for OIH261016C00465000: bid=7.14, ask=10.22
2026-09-03 16:31:54,555 INFO [agent] Implied volatility for OIH261016C00465000: 0.3071
2026-09-03 16:31:54,555 INFO [agent] Greeks for OIH261016C00465000: delta=0.31 gamma=0.0077 rho=0.1493 theta=-0.202 vega=0.5291
2026-09-03 16:31:54,555 INFO [agent] Created greeks for OIH261016C00465000: delta=0.31, gamma=0.0077
2026-09-03 16:31:54,555 INFO [agent] Returning snapshot for OIH261016C00465000: quote=True
2026-09-03 16:31:54,555 INFO [agent] Getting option snapshot for OIH261016C00470000
2026-09-03 16:31:54,877 INFO [agent] Received snapshot response for OIH261016C00470000: <class 'dict'>
2026-09-03 16:31:54,877 INFO [agent] Raw snapshot for OIH261016C00470000: <class 'alpaca.data.models.snapshots.OptionsSnapshot'> - ['__abstractmethods__', '__annotations__', '__class__', '__class_getitem__', '__class_vars__', '__copy__', '__deepcopy__', '__delattr__', '__dict__', '__dir__', '__doc__', '__eq__', '__fields__', '__fields_set__', '__format__', '__ge__', '__get_pydantic_core_schema__', '__get_pydantic_json_schema__', '__getattr__', '__getattribute__', '__getstate__', '__gt__', '__hash__', '__init__', '__init_subclass__', '__iter__', '__le__', '__lt__', '__module__', '__ne__', '__new__', '__pretty__', '__private_attributes__', '__pydantic_complete__', '__pydantic_computed_fields__', '__pydantic_core_schema__', '__pydantic_custom_init__', '__pydantic_decorators__', '__pydantic_extra__', '__pydantic_extra_info__', '__pydantic_fields__', '__pydantic_fields_set__', '__pydantic_generic_metadata__', '__pydantic_init_subclass__', '__pydantic_on_complete__', '__pydantic_parent_namespace__', '__pydantic_post_init__', '__pydantic_private__', '__pydantic_root_model__', '__pydantic_serializer__', '__pydantic_setattr_handlers__', '__pydantic_validator__', '__reduce__', '__reduce_ex__', '__replace__', '__repr__', '__repr_args__', '__repr_name__', '__repr_recursion__', '__repr_str__', '__rich_repr__', '__setattr__', '__setstate__', '__signature__', '__sizeof__', '__slots__', '__str__', '__subclasshook__', '__weakref__', '_abc_impl', '_calculate_keys', '_copy_and_set_values', '_get_value', '_iter', '_setattr_handler', 'construct', 'copy', 'dict', 'from_orm', 'greeks', 'implied_volatility', 'json', 'latest_quote', 'latest_trade', 'model_computed_fields', 'model_config', 'model_construct', 'model_copy', 'model_dump', 'model_dump_json', 'model_extra', 'model_fields', 'model_fields_set', 'model_json_schema', 'model_parametrized_name', 'model_post_init', 'model_rebuild', 'model_validate', 'model_validate_json', 'model_validate_strings', 'parse_file', 'parse_obj', 'parse_raw', 'schema', 'schema_json', 'symbol', 'update_forward_refs', 'validate']
2026-09-03 16:31:54,877 INFO [agent] Latest quote for OIH261016C00470000: symbol='OIH261016C00470000' timestamp=datetime.datetime(2026, 9, 3, 13, 31, 51, 434380, tzinfo=TzInfo(0)) bid_price=5.43 bid_size=10.0 bid_exchange='E' ask_price=9.35 ask_size=46.0 ask_exchange='J' conditions=' ' tape=None
2026-09-03 16:31:54,877 INFO [agent] Created quote for OIH261016C00470000: bid=5.43, ask=9.35
2026-09-03 16:31:54,877 INFO [agent] Implied volatility for OIH261016C00470000: 0.3069
2026-09-03 16:31:54,877 INFO [agent] Greeks for OIH261016C00470000: delta=0.275 gamma=0.0072 rho=0.1329 theta=-0.1902 vega=0.5004
2026-09-03 16:31:54,877 INFO [agent] Created greeks for OIH261016C00470000: delta=0.275, gamma=0.0072
2026-09-03 16:31:54,877 INFO [agent] Returning snapshot for OIH261016C00470000: quote=True
2026-09-03 16:31:54,877 INFO [agent] Getting option snapshot for OIH261016C00475000
2026-09-03 16:31:55,195 INFO [agent] Received snapshot response for OIH261016C00475000: <class 'dict'>
2026-09-03 16:31:55,195 INFO [agent] Raw snapshot for OIH261016C00475000: <class 'alpaca.data.models.snapshots.OptionsSnapshot'> - ['__abstractmethods__', '__annotations__', '__class__', '__class_getitem__', '__class_vars__', '__copy__', '__deepcopy__', '__delattr__', '__dict__', '__dir__', '__doc__', '__eq__', '__fields__', '__fields_set__', '__format__', '__ge__', '__get_pydantic_core_schema__', '__get_pydantic_json_schema__', '__getattr__', '__getattribute__', '__getstate__', '__gt__', '__hash__', '__init__', '__init_subclass__', '__iter__', '__le__', '__lt__', '__module__', '__ne__', '__new__', '__pretty__', '__private_attributes__', '__pydantic_complete__', '__pydantic_computed_fields__', '__pydantic_core_schema__', '__pydantic_custom_init__', '__pydantic_decorators__', '__pydantic_extra__', '__pydantic_extra_info__', '__pydantic_fields__', '__pydantic_fields_set__', '__pydantic_generic_metadata__', '__pydantic_init_subclass__', '__pydantic_on_complete__', '__pydantic_parent_namespace__', '__pydantic_post_init__', '__pydantic_private__', '__pydantic_root_model__', '__pydantic_serializer__', '__pydantic_setattr_handlers__', '__pydantic_validator__', '__reduce__', '__reduce_ex__', '__replace__', '__repr__', '__repr_args__', '__repr_name__', '__repr_recursion__', '__repr_str__', '__rich_repr__', '__setattr__', '__setstate__', '__signature__', '__sizeof__', '__slots__', '__str__', '__subclasshook__', '__weakref__', '_abc_impl', '_calculate_keys', '_copy_and_set_values', '_get_value', '_iter', '_setattr_handler', 'construct', 'copy', 'dict', 'from_orm', 'greeks', 'implied_volatility', 'json', 'latest_quote', 'latest_trade', 'model_computed_fields', 'model_config', 'model_construct', 'model_copy', 'model_dump', 'model_dump_json', 'model_extra', 'model_fields', 'model_fields_set', 'model_json_schema', 'model_parametrized_name', 'model_post_init', 'model_rebuild', 'model_validate', 'model_validate_json', 'model_validate_strings', 'parse_file', 'parse_obj', 'parse_raw', 'schema', 'schema_json', 'symbol', 'update_forward_refs', 'validate']
2026-09-03 16:31:55,195 INFO [agent] Latest quote for OIH261016C00475000: symbol='OIH261016C00475000' timestamp=datetime.datetime(2026, 9, 3, 13, 31, 51, 431689, tzinfo=TzInfo(0)) bid_price=3.97 bid_size=11.0 bid_exchange='J' ask_price=8.13 ask_size=22.0 ask_exchange='J' conditions=' ' tape=None
2026-09-03 16:31:55,195 INFO [agent] Created quote for OIH261016C00475000: bid=3.97, ask=8.13
2026-09-03 16:31:55,195 INFO [agent] Implied volatility for OIH261016C00475000: 0.3023
2026-09-03 16:31:55,195 INFO [agent] Greeks for OIH261016C00475000: delta=0.2387 gamma=0.0068 rho=0.1157 theta=-0.1735 vega=0.4648
2026-09-03 16:31:55,195 INFO [agent] Created greeks for OIH261016C00475000: delta=0.2387, gamma=0.0068
2026-09-03 16:31:55,196 INFO [agent] Returning snapshot for OIH261016C00475000: quote=True
2026-09-03 16:31:55,196 INFO [agent] Getting option snapshot for OIH261016C00480000
2026-09-03 16:31:55,555 INFO [agent] Received snapshot response for OIH261016C00480000: <class 'dict'>
2026-09-03 16:31:55,555 INFO [agent] Raw snapshot for OIH261016C00480000: <class 'alpaca.data.models.snapshots.OptionsSnapshot'> - ['__abstractmethods__', '__annotations__', '__class__', '__class_getitem__', '__class_vars__', '__copy__', '__deepcopy__', '__delattr__', '__dict__', '__dir__', '__doc__', '__eq__', '__fields__', '__fields_set__', '__format__', '__ge__', '__get_pydantic_core_schema__', '__get_pydantic_json_schema__', '__getattr__', '__getattribute__', '__getstate__', '__gt__', '__hash__', '__init__', '__init_subclass__', '__iter__', '__le__', '__lt__', '__module__', '__ne__', '__new__', '__pretty__', '__private_attributes__', '__pydantic_complete__', '__pydantic_computed_fields__', '__pydantic_core_schema__', '__pydantic_custom_init__', '__pydantic_decorators__', '__pydantic_extra__', '__pydantic_extra_info__', '__pydantic_fields__', '__pydantic_fields_set__', '__pydantic_generic_metadata__', '__pydantic_init_subclass__', '__pydantic_on_complete__', '__pydantic_parent_namespace__', '__pydantic_post_init__', '__pydantic_private__', '__pydantic_root_model__', '__pydantic_serializer__', '__pydantic_setattr_handlers__', '__pydantic_validator__', '__reduce__', '__reduce_ex__', '__replace__', '__repr__', '__repr_args__', '__repr_name__', '__repr_recursion__', '__repr_str__', '__rich_repr__', '__setattr__', '__setstate__', '__signature__', '__sizeof__', '__slots__', '__str__', '__subclasshook__', '__weakref__', '_abc_impl', '_calculate_keys', '_copy_and_set_values', '_get_value', '_iter', '_setattr_handler', 'construct', 'copy', 'dict', 'from_orm', 'greeks', 'implied_volatility', 'json', 'latest_quote', 'latest_trade', 'model_computed_fields', 'model_config', 'model_construct', 'model_copy', 'model_dump', 'model_dump_json', 'model_extra', 'model_fields', 'model_fields_set', 'model_json_schema', 'model_parametrized_name', 'model_post_init', 'model_rebuild', 'model_validate', 'model_validate_json', 'model_validate_strings', 'parse_file', 'parse_obj', 'parse_raw', 'schema', 'schema_json', 'symbol', 'update_forward_refs', 'validate']
2026-09-03 16:31:55,555 INFO [agent] Latest quote for OIH261016C00480000: symbol='OIH261016C00480000' timestamp=datetime.datetime(2026, 9, 3, 13, 31, 51, 434360, tzinfo=TzInfo(0)) bid_price=3.02 bid_size=16.0 bid_exchange='S' ask_price=6.96 ask_size=30.0 ask_exchange='J' conditions=' ' tape=None
2026-09-03 16:31:55,555 INFO [agent] Created quote for OIH261016C00480000: bid=3.02, ask=6.96
2026-09-03 16:31:55,555 INFO [agent] Implied volatility for OIH261016C00480000: 0.3
2026-09-03 16:31:55,555 INFO [agent] Greeks for OIH261016C00480000: delta=0.2066 gamma=0.0063 rho=0.1005 theta=-0.1581 vega=0.4281
2026-09-03 16:31:55,555 INFO [agent] Created greeks for OIH261016C00480000: delta=0.2066, gamma=0.0063
2026-09-03 16:31:55,555 INFO [agent] Returning snapshot for OIH261016C00480000: quote=True
2026-09-03 16:31:55,555 INFO [agent] Getting option snapshot for OIH261016C00440000
2026-09-03 16:31:55,893 INFO [agent] Received snapshot response for OIH261016C00440000: <class 'dict'>
2026-09-03 16:31:55,893 INFO [agent] Raw snapshot for OIH261016C00440000: <class 'alpaca.data.models.snapshots.OptionsSnapshot'> - ['__abstractmethods__', '__annotations__', '__class__', '__class_getitem__', '__class_vars__', '__copy__', '__deepcopy__', '__delattr__', '__dict__', '__dir__', '__doc__', '__eq__', '__fields__', '__fields_set__', '__format__', '__ge__', '__get_pydantic_core_schema__', '__get_pydantic_json_schema__', '__getattr__', '__getattribute__', '__getstate__', '__gt__', '__hash__', '__init__', '__init_subclass__', '__iter__', '__le__', '__lt__', '__module__', '__ne__', '__new__', '__pretty__', '__private_attributes__', '__pydantic_complete__', '__pydantic_computed_fields__', '__pydantic_core_schema__', '__pydantic_custom_init__', '__pydantic_decorators__', '__pydantic_extra__', '__pydantic_extra_info__', '__pydantic_fields__', '__pydantic_fields_set__', '__pydantic_generic_metadata__', '__pydantic_init_subclass__', '__pydantic_on_complete__', '__pydantic_parent_namespace__', '__pydantic_post_init__', '__pydantic_private__', '__pydantic_root_model__', '__pydantic_serializer__', '__pydantic_setattr_handlers__', '__pydantic_validator__', '__reduce__', '__reduce_ex__', '__replace__', '__repr__', '__repr_args__', '__repr_name__', '__repr_recursion__', '__repr_str__', '__rich_repr__', '__setattr__', '__setstate__', '__signature__', '__sizeof__', '__slots__', '__str__', '__subclasshook__', '__weakref__', '_abc_impl', '_calculate_keys', '_copy_and_set_values', '_get_value', '_iter', '_setattr_handler', 'construct', 'copy', 'dict', 'from_orm', 'greeks', 'implied_volatility', 'json', 'latest_quote', 'latest_trade', 'model_computed_fields', 'model_config', 'model_construct', 'model_copy', 'model_dump', 'model_dump_json', 'model_extra', 'model_fields', 'model_fields_set', 'model_json_schema', 'model_parametrized_name', 'model_post_init', 'model_rebuild', 'model_validate', 'model_validate_json', 'model_validate_strings', 'parse_file', 'parse_obj', 'parse_raw', 'schema', 'schema_json', 'symbol', 'update_forward_refs', 'validate']
2026-09-03 16:31:55,893 INFO [agent] Latest quote for OIH261016C00440000: symbol='OIH261016C00440000' timestamp=datetime.datetime(2026, 9, 3, 13, 31, 53, 945954, tzinfo=TzInfo(0)) bid_price=16.42 bid_size=10.0 bid_exchange='X' ask_price=19.93 ask_size=20.0 ask_exchange='J' conditions=' ' tape=None
2026-09-03 16:31:55,893 INFO [agent] Created quote for OIH261016C00440000: bid=16.42, ask=19.93
2026-09-03 16:31:55,893 INFO [agent] Implied volatility for OIH261016C00440000: 0.3128
2026-09-03 16:31:55,893 INFO [agent] Greeks for OIH261016C00440000: delta=0.5119 gamma=0.0085 rho=0.2421 theta=-0.2386 vega=0.598
2026-09-03 16:31:55,893 INFO [agent] Created greeks for OIH261016C00440000: delta=0.5119, gamma=0.0085
2026-09-03 16:31:55,893 INFO [agent] Returning snapshot for OIH261016C00440000: quote=True
2026-09-03 16:31:55,893 INFO [agent] _generate_signal_for_symbol called for KRE
2026-09-03 16:31:56,169 INFO [agent] KRE: price=74.75
2026-09-03 16:31:56,170 INFO [agent] KRE: scores - Trend: 0.0/25, Momentum: 4.0/20, RS: 3.0/15, RSI: 8.0/10, Volatility: 10.0/10, Regime: 15.0/20, Total: 40.0/100
2026-09-03 16:31:56,170 INFO [agent] KRE: score 40.0 < minimum 70
2026-09-03 16:31:56,170 INFO [agent] _generate_signal_for_symbol called for KBE
2026-09-03 16:31:56,567 INFO [agent] KBE: price=68.85
2026-09-03 16:31:56,568 INFO [agent] KBE: scores - Trend: 0.0/25, Momentum: 4.0/20, RS: 6.0/15, RSI: 8.0/10, Volatility: 10.0/10, Regime: 15.0/20, Total: 43.0/100
2026-09-03 16:31:56,568 INFO [agent] KBE: score 43.0 < minimum 70
2026-09-03 16:31:56,568 INFO [agent] _generate_signal_for_symbol called for XRT
2026-09-03 16:31:56,844 INFO [agent] XRT: price=87.16
2026-09-03 16:31:56,844 INFO [agent] XRT: scores - Trend: 0.0/25, Momentum: 5.0/20, RS: 3.0/15, RSI: 10.0/10, Volatility: 10.0/10, Regime: 15.0/20, Total: 43.0/100
2026-09-03 16:31:56,844 INFO [agent] XRT: score 43.0 < minimum 70
2026-09-03 16:31:56,844 INFO [agent] _generate_signal_for_symbol called for IYR
2026-09-03 16:31:57,130 INFO [agent] IYR: price=102.445
2026-09-03 16:31:57,130 INFO [agent] IYR: scores - Trend: 0.0/25, Momentum: 2.0/20, RS: 6.0/15, RSI: 8.0/10, Volatility: 8.0/10, Regime: 15.0/20, Total: 39.0/100
2026-09-03 16:31:57,130 INFO [agent] IYR: score 39.0 < minimum 70
2026-09-03 16:31:57,130 INFO [agent] _generate_signal_for_symbol called for VNQ
2026-09-03 16:31:57,418 INFO [agent] VNQ: price=96.215
2026-09-03 16:31:57,418 INFO [agent] VNQ: scores - Trend: 0.0/25, Momentum: 2.0/20, RS: 6.0/15, RSI: 8.0/10, Volatility: 8.0/10, Regime: 15.0/20, Total: 39.0/100
2026-09-03 16:31:57,418 INFO [agent] VNQ: score 39.0 < minimum 70
2026-09-03 16:31:57,418 INFO [agent] _generate_signal_for_symbol called for ITB
2026-09-03 16:31:57,708 INFO [agent] ITB: price=94.27000000000001
2026-09-03 16:31:57,708 INFO [agent] ITB: scores - Trend: 0.0/25, Momentum: 2.0/20, RS: 3.0/15, RSI: 8.0/10, Volatility: 10.0/10, Regime: 15.0/20, Total: 38.0/100
2026-09-03 16:31:57,709 INFO [agent] ITB: score 38.0 < minimum 70
2026-09-03 16:31:57,709 INFO [agent] _generate_signal_for_symbol called for XHB
2026-09-03 16:31:58,059 INFO [agent] XHB: price=102.47
2026-09-03 16:31:58,059 INFO [agent] XHB: scores - Trend: 0.0/25, Momentum: 0.0/20, RS: 0.0/15, RSI: 6.0/10, Volatility: 10.0/10, Regime: 15.0/20, Total: 31.0/100
2026-09-03 16:31:58,059 INFO [agent] XHB: score 31.0 < minimum 70
2026-09-03 16:31:58,059 INFO [agent] _generate_signal_for_symbol called for GDX
2026-09-03 16:31:58,391 INFO [agent] GDX: price=100.22999999999999
2026-09-03 16:31:58,391 INFO [agent] GDX: scores - Trend: 8.0/25, Momentum: 12.0/20, RS: 15.0/15, RSI: 8.0/10, Volatility: 8.0/10, Regime: 15.0/20, Total: 66.0/100
2026-09-03 16:31:58,391 INFO [agent] GDX: score 66.0 < minimum 70
2026-09-03 16:31:58,391 INFO [agent] _generate_signal_for_symbol called for GDXJ
2026-09-03 16:31:58,731 INFO [agent] GDXJ: price=131.825
2026-09-03 16:31:58,731 INFO [agent] GDXJ: scores - Trend: 8.0/25, Momentum: 12.0/20, RS: 15.0/15, RSI: 8.0/10, Volatility: 8.0/10, Regime: 15.0/20, Total: 66.0/100
2026-09-03 16:31:58,731 INFO [agent] GDXJ: score 66.0 < minimum 70
2026-09-03 16:31:58,731 INFO [agent] _generate_signal_for_symbol called for TAN
2026-09-03 16:31:59,162 INFO [agent] TAN: price=47.24
2026-09-03 16:31:59,162 INFO [agent] TAN: scores - Trend: 0.0/25, Momentum: 0.0/20, RS: 0.0/15, RSI: 6.0/10, Volatility: 10.0/10, Regime: 15.0/20, Total: 31.0/100
2026-09-03 16:31:59,162 INFO [agent] TAN: score 31.0 < minimum 70
2026-09-03 16:31:59,162 INFO [agent] _generate_signal_for_symbol called for ARKK
2026-09-03 16:31:59,460 INFO [agent] ARKK: price=85.37
2026-09-03 16:31:59,461 INFO [agent] ARKK: scores - Trend: 8.0/25, Momentum: 10.0/20, RS: 15.0/15, RSI: 10.0/10, Volatility: 10.0/10, Regime: 15.0/20, Total: 68.0/100
2026-09-03 16:31:59,461 INFO [agent] ARKK: score 68.0 < minimum 70
2026-09-03 16:31:59,461 INFO [agent] _generate_signal_for_symbol called for EWJ
2026-09-03 16:32:00,581 INFO [agent] EWJ: price=95.845
2026-09-03 16:32:00,581 INFO [agent] EWJ: scores - Trend: 0.0/25, Momentum: 6.0/20, RS: 9.0/15, RSI: 10.0/10, Volatility: 10.0/10, Regime: 15.0/20, Total: 50.0/100
2026-09-03 16:32:00,581 INFO [agent] EWJ: score 50.0 < minimum 70
2026-09-03 16:32:00,581 INFO [agent] _generate_signal_for_symbol called for EWG
2026-09-03 16:32:01,542 INFO [agent] EWG: price=43.82
2026-09-03 16:32:01,542 INFO [agent] EWG: scores - Trend: 0.0/25, Momentum: 3.0/20, RS: 6.0/15, RSI: 10.0/10, Volatility: 8.0/10, Regime: 15.0/20, Total: 42.0/100
2026-09-03 16:32:01,542 INFO [agent] EWG: score 42.0 < minimum 70
2026-09-03 16:32:01,542 INFO [agent] _generate_signal_for_symbol called for EWZ
2026-09-03 16:32:02,330 INFO [agent] EWZ: price=38.715
2026-09-03 16:32:02,330 INFO [agent] EWZ: scores - Trend: 8.0/25, Momentum: 13.0/20, RS: 12.0/15, RSI: 4.0/10, Volatility: 10.0/10, Regime: 15.0/20, Total: 62.0/100
2026-09-03 16:32:02,330 INFO [agent] EWZ: score 62.0 < minimum 70
2026-09-03 16:32:02,330 INFO [agent] _generate_signal_for_symbol called for FXI
2026-09-03 16:32:02,608 INFO [agent] FXI: price=35.095
2026-09-03 16:32:02,609 INFO [agent] FXI: scores - Trend: 0.0/25, Momentum: 5.0/20, RS: 3.0/15, RSI: 10.0/10, Volatility: 10.0/10, Regime: 15.0/20, Total: 43.0/100
2026-09-03 16:32:02,609 INFO [agent] FXI: score 43.0 < minimum 70
2026-09-03 16:32:02,609 INFO [agent] _generate_signal_for_symbol called for INDA
2026-09-03 16:32:02,906 INFO [agent] INDA: price=49.825
2026-09-03 16:32:02,906 INFO [agent] INDA: scores - Trend: 8.0/25, Momentum: 7.0/20, RS: 6.0/15, RSI: 10.0/10, Volatility: 8.0/10, Regime: 15.0/20, Total: 54.0/100
2026-09-03 16:32:02,906 INFO [agent] INDA: score 54.0 < minimum 70
2026-09-03 16:32:02,906 INFO [agent] _generate_signal_for_symbol called for ACWI
2026-09-03 16:32:03,393 INFO [agent] ACWI: price=163.465
2026-09-03 16:32:03,393 INFO [agent] ACWI: scores - Trend: 8.0/25, Momentum: 4.0/20, RS: 6.0/15, RSI: 10.0/10, Volatility: 8.0/10, Regime: 15.0/20, Total: 51.0/100
2026-09-03 16:32:03,393 INFO [agent] ACWI: score 51.0 < minimum 70
2026-09-03 16:32:03,393 INFO [agent] _generate_signal_for_symbol called for VT
2026-09-03 16:32:03,715 INFO [agent] VT: price=160.94
2026-09-03 16:32:03,715 INFO [agent] VT: scores - Trend: 8.0/25, Momentum: 4.0/20, RS: 6.0/15, RSI: 10.0/10, Volatility: 8.0/10, Regime: 15.0/20, Total: 51.0/100
2026-09-03 16:32:03,715 INFO [agent] VT: score 51.0 < minimum 70
2026-09-03 16:32:03,715 INFO [agent] _generate_signal_for_symbol called for DBC
2026-09-03 16:32:04,099 INFO [agent] DBC: price=31.935000000000002
2026-09-03 16:32:04,099 INFO [agent] DBC: scores - Trend: 8.0/25, Momentum: 10.0/20, RS: 15.0/15, RSI: 6.0/10, Volatility: 10.0/10, Regime: 15.0/20, Total: 64.0/100
2026-09-03 16:32:04,099 INFO [agent] DBC: score 64.0 < minimum 70
2026-09-03 16:32:04,099 INFO [agent] _generate_signal_for_symbol called for UNG
2026-09-03 16:32:04,425 INFO [agent] UNG: price=10.74
2026-09-03 16:32:04,425 INFO [agent] UNG: scores - Trend: 8.0/25, Momentum: 10.0/20, RS: 15.0/15, RSI: 6.0/10, Volatility: 10.0/10, Regime: 15.0/20, Total: 64.0/100
2026-09-03 16:32:04,425 INFO [agent] UNG: score 64.0 < minimum 70
2026-09-03 16:32:04,425 INFO [agent] _generate_signal_for_symbol called for DBA
2026-09-03 16:32:04,847 INFO [agent] DBA: price=28.83
2026-09-03 16:32:04,848 INFO [agent] DBA: scores - Trend: 8.0/25, Momentum: 5.0/20, RS: 12.0/15, RSI: 6.0/10, Volatility: 10.0/10, Regime: 15.0/20, Total: 56.0/100
2026-09-03 16:32:04,848 INFO [agent] DBA: score 56.0 < minimum 70
2026-09-03 16:32:04,848 INFO [agent] Generated 1 signal(s)
2026-09-03 16:32:04,848 INFO [agent] TRADE REJECTED OIH261016C00440000 reasons=Bid/ask spread too wide: 19.3% > max 2.0%; Premium $1817.50 exceeds max risk per trade $497.48

=== TRADING CYCLE SUMMARY ===
Signals considered: 1
Signals approved: 0
Orders submitted: 0
Approval rate: 0.0%
=============================

{
  "account": {
    "equity": 99495.85,
    "cash": 98987.85,
    "buying_power": 395951.4,
    "portfolio_value": 99495.85,
    "last_equity": 99755.85,
    "status": "AccountStatus.ACTIVE",
    "options_approved_level": 3,
    "trading_blocked": false
  },
  "actions": [
    {
      "underlying": "OIH",
      "contract": "OIH261016C00440000",
      "thesis": "OIH LONG -> call OIH261016C00440000 strike 440.0 exp 2026-10-16\nSignal Score: 74\nTrend: 8/25\nMomentum: 18/20\nRelative Strength: 15/15\nRSI/Reversion: 8/10\nVolatility: 10/10\nMarket Regime: 15/20 (RANGE_BOUND)",
      "approved": false,
      "reasons": [
        "Bid/ask spread too wide: 19.3% > max 2.0%",
        "Premium $1817.50 exceeds max risk per trade $497.48"
      ]
    }
  ]
}
